<?xml version="1.0"?>
<link_info>
   <banner>MSP430 Linker PC v4.2.7</banner>
   <copyright>Copyright (c) 2003-2014 Texas Instruments Incorporated</copyright>
   <link_time>0x5fccbe77</link_time>
   <link_errors>0x0</link_errors>
   <output_file>ABACUSReferenceCode.out</output_file>
   <entry_point>
      <name>_c_int00</name>
      <address>0x619a</address>
   </entry_point>
   <input_file_list>
      <input_file id="fl-2">
         <path>.\</path>
         <kind>object</kind>
         <file>main.obj</file>
         <name>main.obj</name>
      </input_file>
      <input_file id="fl-3">
         <path>.\camera\</path>
         <kind>object</kind>
         <file>linksprite_camera.obj</file>
         <name>linksprite_camera.obj</name>
      </input_file>
      <input_file id="fl-4">
         <path>.\communications\</path>
         <kind>object</kind>
         <file>communications.obj</file>
         <name>communications.obj</name>
      </input_file>
      <input_file id="fl-5">
         <path>.\communications\</path>
         <kind>object</kind>
         <file>radio_lithium2.obj</file>
         <name>radio_lithium2.obj</name>
      </input_file>
      <input_file id="fl-6">
         <path>.\memory\</path>
         <kind>object</kind>
         <file>memory.obj</file>
         <name>memory.obj</name>
      </input_file>
      <input_file id="fl-7">
         <path>.\satellite\</path>
         <kind>object</kind>
         <file>configuration.obj</file>
         <name>configuration.obj</name>
      </input_file>
      <input_file id="fl-8">
         <path>.\satellite\</path>
         <kind>object</kind>
         <file>debug.obj</file>
         <name>debug.obj</name>
      </input_file>
      <input_file id="fl-9">
         <path>.\satellite\</path>
         <kind>object</kind>
         <file>eps_gomspace_p31u.obj</file>
         <name>eps_gomspace_p31u.obj</name>
      </input_file>
      <input_file id="fl-a">
         <path>.\satellite\</path>
         <kind>object</kind>
         <file>flightSequence.obj</file>
         <name>flightSequence.obj</name>
      </input_file>
      <input_file id="fl-b">
         <path>.\satellite\</path>
         <kind>object</kind>
         <file>satsystem_init.obj</file>
         <name>satsystem_init.obj</name>
      </input_file>
      <input_file id="fl-c">
         <path>.\satellite\</path>
         <kind>object</kind>
         <file>telemetry.obj</file>
         <name>telemetry.obj</name>
      </input_file>
      <input_file id="fl-d">
         <path>.\satellite\</path>
         <kind>object</kind>
         <file>timers.obj</file>
         <name>timers.obj</name>
      </input_file>
      <input_file id="fl-19">
         <path>C:\Users\Augusto Nascetti\Documents\ABACUS\ABACUS_LIBS\Debug\</path>
         <kind>archive</kind>
         <file>ABACUS_Libraries.lib</file>
         <name>abacus.obj</name>
      </input_file>
      <input_file id="fl-1a">
         <path>C:\Users\Augusto Nascetti\Documents\ABACUS\ABACUS_LIBS\Debug\</path>
         <kind>archive</kind>
         <file>ABACUS_Libraries.lib</file>
         <name>abacus_P2Interrupts.obj</name>
      </input_file>
      <input_file id="fl-1b">
         <path>C:\Users\Augusto Nascetti\Documents\ABACUS\ABACUS_LIBS\Debug\</path>
         <kind>archive</kind>
         <file>ABACUS_Libraries.lib</file>
         <name>abacus_utils.obj</name>
      </input_file>
      <input_file id="fl-1c">
         <path>C:\Users\Augusto Nascetti\Documents\ABACUS\ABACUS_LIBS\Debug\</path>
         <kind>archive</kind>
         <file>ABACUS_Libraries.lib</file>
         <name>abacus_fpga.obj</name>
      </input_file>
      <input_file id="fl-1d">
         <path>C:\Users\Augusto Nascetti\Documents\ABACUS\ABACUS_LIBS\Debug\</path>
         <kind>archive</kind>
         <file>ABACUS_Libraries.lib</file>
         <name>abacus_gpio.obj</name>
      </input_file>
      <input_file id="fl-1e">
         <path>C:\Users\Augusto Nascetti\Documents\ABACUS\ABACUS_LIBS\Debug\</path>
         <kind>archive</kind>
         <file>ABACUS_Libraries.lib</file>
         <name>abacus_gpio_analog.obj</name>
      </input_file>
      <input_file id="fl-1f">
         <path>C:\Users\Augusto Nascetti\Documents\ABACUS\ABACUS_LIBS\Debug\</path>
         <kind>archive</kind>
         <file>ABACUS_Libraries.lib</file>
         <name>abacus_gpio_exp.obj</name>
      </input_file>
      <input_file id="fl-20">
         <path>C:\Users\Augusto Nascetti\Documents\ABACUS\ABACUS_LIBS\Debug\</path>
         <kind>archive</kind>
         <file>ABACUS_Libraries.lib</file>
         <name>abacus_rtc.obj</name>
      </input_file>
      <input_file id="fl-21">
         <path>C:\Users\Augusto Nascetti\Documents\ABACUS\ABACUS_LIBS\Debug\</path>
         <kind>archive</kind>
         <file>ABACUS_Libraries.lib</file>
         <name>abacus_rtc_internal.obj</name>
      </input_file>
      <input_file id="fl-22">
         <path>C:\Users\Augusto Nascetti\Documents\ABACUS\ABACUS_LIBS\Debug\</path>
         <kind>archive</kind>
         <file>ABACUS_Libraries.lib</file>
         <name>abacus_i2c.obj</name>
      </input_file>
      <input_file id="fl-23">
         <path>C:\Users\Augusto Nascetti\Documents\ABACUS\ABACUS_LIBS\Debug\</path>
         <kind>archive</kind>
         <file>ABACUS_Libraries.lib</file>
         <name>abacus_spi.obj</name>
      </input_file>
      <input_file id="fl-24">
         <path>C:\Users\Augusto Nascetti\Documents\ABACUS\ABACUS_LIBS\Debug\</path>
         <kind>archive</kind>
         <file>ABACUS_Libraries.lib</file>
         <name>abacus_uart.obj</name>
      </input_file>
      <input_file id="fl-25">
         <path>C:\Users\Augusto Nascetti\Documents\ABACUS\ABACUS_LIBS\Debug\</path>
         <kind>archive</kind>
         <file>ABACUS_Libraries.lib</file>
         <name>abacus_flash.obj</name>
      </input_file>
      <input_file id="fl-26">
         <path>C:\Users\Augusto Nascetti\Documents\ABACUS\ABACUS_LIBS\Debug\</path>
         <kind>archive</kind>
         <file>ABACUS_Libraries.lib</file>
         <name>abacus_accelerometer.obj</name>
      </input_file>
      <input_file id="fl-27">
         <path>C:\Users\Augusto Nascetti\Documents\ABACUS\ABACUS_LIBS\Debug\</path>
         <kind>archive</kind>
         <file>ABACUS_Libraries.lib</file>
         <name>abacus_gyroscope.obj</name>
      </input_file>
      <input_file id="fl-28">
         <path>C:\Users\Augusto Nascetti\Documents\ABACUS\ABACUS_LIBS\Debug\</path>
         <kind>archive</kind>
         <file>ABACUS_Libraries.lib</file>
         <name>abacus_magnetometer.obj</name>
      </input_file>
      <input_file id="fl-29">
         <path>C:\Users\Augusto Nascetti\Documents\ABACUS\ABACUS_LIBS\Debug\</path>
         <kind>archive</kind>
         <file>ABACUS_Libraries.lib</file>
         <name>abacus_temperature.obj</name>
      </input_file>
      <input_file id="fl-53">
         <path>C:\ti\ccs1000\ccs\tools\compiler\msp430_4.2.7\lib\</path>
         <kind>archive</kind>
         <file>rts430x_lc_ld_eabi.lib</file>
         <name>boot.obj</name>
      </input_file>
      <input_file id="fl-54">
         <path>C:\ti\ccs1000\ccs\tools\compiler\msp430_4.2.7\lib\</path>
         <kind>archive</kind>
         <file>rts430x_lc_ld_eabi.lib</file>
         <name>copy_decompress_none.obj</name>
      </input_file>
      <input_file id="fl-55">
         <path>C:\ti\ccs1000\ccs\tools\compiler\msp430_4.2.7\lib\</path>
         <kind>archive</kind>
         <file>rts430x_lc_ld_eabi.lib</file>
         <name>copy_decompress_rle.obj</name>
      </input_file>
      <input_file id="fl-56">
         <path>C:\ti\ccs1000\ccs\tools\compiler\msp430_4.2.7\lib\</path>
         <kind>archive</kind>
         <file>rts430x_lc_ld_eabi.lib</file>
         <name>copy_zero_init.obj</name>
      </input_file>
      <input_file id="fl-57">
         <path>C:\ti\ccs1000\ccs\tools\compiler\msp430_4.2.7\lib\</path>
         <kind>archive</kind>
         <file>rts430x_lc_ld_eabi.lib</file>
         <name>cvtdf.obj</name>
      </input_file>
      <input_file id="fl-58">
         <path>C:\ti\ccs1000\ccs\tools\compiler\msp430_4.2.7\lib\</path>
         <kind>archive</kind>
         <file>rts430x_lc_ld_eabi.lib</file>
         <name>cvtfd.obj</name>
      </input_file>
      <input_file id="fl-59">
         <path>C:\ti\ccs1000\ccs\tools\compiler\msp430_4.2.7\lib\</path>
         <kind>archive</kind>
         <file>rts430x_lc_ld_eabi.lib</file>
         <name>div16s.obj</name>
      </input_file>
      <input_file id="fl-5a">
         <path>C:\ti\ccs1000\ccs\tools\compiler\msp430_4.2.7\lib\</path>
         <kind>archive</kind>
         <file>rts430x_lc_ld_eabi.lib</file>
         <name>div16u.obj</name>
      </input_file>
      <input_file id="fl-5b">
         <path>C:\ti\ccs1000\ccs\tools\compiler\msp430_4.2.7\lib\</path>
         <kind>archive</kind>
         <file>rts430x_lc_ld_eabi.lib</file>
         <name>div32s.obj</name>
      </input_file>
      <input_file id="fl-5c">
         <path>C:\ti\ccs1000\ccs\tools\compiler\msp430_4.2.7\lib\</path>
         <kind>archive</kind>
         <file>rts430x_lc_ld_eabi.lib</file>
         <name>div32u.obj</name>
      </input_file>
      <input_file id="fl-5d">
         <path>C:\ti\ccs1000\ccs\tools\compiler\msp430_4.2.7\lib\</path>
         <kind>archive</kind>
         <file>rts430x_lc_ld_eabi.lib</file>
         <name>divd.obj</name>
      </input_file>
      <input_file id="fl-5e">
         <path>C:\ti\ccs1000\ccs\tools\compiler\msp430_4.2.7\lib\</path>
         <kind>archive</kind>
         <file>rts430x_lc_ld_eabi.lib</file>
         <name>exit.obj</name>
      </input_file>
      <input_file id="fl-5f">
         <path>C:\ti\ccs1000\ccs\tools\compiler\msp430_4.2.7\lib\</path>
         <kind>archive</kind>
         <file>rts430x_lc_ld_eabi.lib</file>
         <name>frcdivd.obj</name>
      </input_file>
      <input_file id="fl-60">
         <path>C:\ti\ccs1000\ccs\tools\compiler\msp430_4.2.7\lib\</path>
         <kind>archive</kind>
         <file>rts430x_lc_ld_eabi.lib</file>
         <name>fs_itof.obj</name>
      </input_file>
      <input_file id="fl-61">
         <path>C:\ti\ccs1000\ccs\tools\compiler\msp430_4.2.7\lib\</path>
         <kind>archive</kind>
         <file>rts430x_lc_ld_eabi.lib</file>
         <name>fs_ltof.obj</name>
      </input_file>
      <input_file id="fl-62">
         <path>C:\ti\ccs1000\ccs\tools\compiler\msp430_4.2.7\lib\</path>
         <kind>archive</kind>
         <file>rts430x_lc_ld_eabi.lib</file>
         <name>fs_mpy.obj</name>
      </input_file>
      <input_file id="fl-63">
         <path>C:\ti\ccs1000\ccs\tools\compiler\msp430_4.2.7\lib\</path>
         <kind>archive</kind>
         <file>rts430x_lc_ld_eabi.lib</file>
         <name>fs_toi.obj</name>
      </input_file>
      <input_file id="fl-64">
         <path>C:\ti\ccs1000\ccs\tools\compiler\msp430_4.2.7\lib\</path>
         <kind>archive</kind>
         <file>rts430x_lc_ld_eabi.lib</file>
         <name>int41.obj</name>
      </input_file>
      <input_file id="fl-65">
         <path>C:\ti\ccs1000\ccs\tools\compiler\msp430_4.2.7\lib\</path>
         <kind>archive</kind>
         <file>rts430x_lc_ld_eabi.lib</file>
         <name>int43.obj</name>
      </input_file>
      <input_file id="fl-66">
         <path>C:\ti\ccs1000\ccs\tools\compiler\msp430_4.2.7\lib\</path>
         <kind>archive</kind>
         <file>rts430x_lc_ld_eabi.lib</file>
         <name>int45.obj</name>
      </input_file>
      <input_file id="fl-67">
         <path>C:\ti\ccs1000\ccs\tools\compiler\msp430_4.2.7\lib\</path>
         <kind>archive</kind>
         <file>rts430x_lc_ld_eabi.lib</file>
         <name>int48.obj</name>
      </input_file>
      <input_file id="fl-68">
         <path>C:\ti\ccs1000\ccs\tools\compiler\msp430_4.2.7\lib\</path>
         <kind>archive</kind>
         <file>rts430x_lc_ld_eabi.lib</file>
         <name>int50.obj</name>
      </input_file>
      <input_file id="fl-69">
         <path>C:\ti\ccs1000\ccs\tools\compiler\msp430_4.2.7\lib\</path>
         <kind>archive</kind>
         <file>rts430x_lc_ld_eabi.lib</file>
         <name>int51.obj</name>
      </input_file>
      <input_file id="fl-6a">
         <path>C:\ti\ccs1000\ccs\tools\compiler\msp430_4.2.7\lib\</path>
         <kind>archive</kind>
         <file>rts430x_lc_ld_eabi.lib</file>
         <name>int53.obj</name>
      </input_file>
      <input_file id="fl-6b">
         <path>C:\ti\ccs1000\ccs\tools\compiler\msp430_4.2.7\lib\</path>
         <kind>archive</kind>
         <file>rts430x_lc_ld_eabi.lib</file>
         <name>int55.obj</name>
      </input_file>
      <input_file id="fl-6c">
         <path>C:\ti\ccs1000\ccs\tools\compiler\msp430_4.2.7\lib\</path>
         <kind>archive</kind>
         <file>rts430x_lc_ld_eabi.lib</file>
         <name>int56.obj</name>
      </input_file>
      <input_file id="fl-6d">
         <path>C:\ti\ccs1000\ccs\tools\compiler\msp430_4.2.7\lib\</path>
         <kind>archive</kind>
         <file>rts430x_lc_ld_eabi.lib</file>
         <name>int58.obj</name>
      </input_file>
      <input_file id="fl-6e">
         <path>C:\ti\ccs1000\ccs\tools\compiler\msp430_4.2.7\lib\</path>
         <kind>archive</kind>
         <file>rts430x_lc_ld_eabi.lib</file>
         <name>int59.obj</name>
      </input_file>
      <input_file id="fl-6f">
         <path>C:\ti\ccs1000\ccs\tools\compiler\msp430_4.2.7\lib\</path>
         <kind>archive</kind>
         <file>rts430x_lc_ld_eabi.lib</file>
         <name>int61.obj</name>
      </input_file>
      <input_file id="fl-70">
         <path>C:\ti\ccs1000\ccs\tools\compiler\msp430_4.2.7\lib\</path>
         <kind>archive</kind>
         <file>rts430x_lc_ld_eabi.lib</file>
         <name>int62.obj</name>
      </input_file>
      <input_file id="fl-71">
         <path>C:\ti\ccs1000\ccs\tools\compiler\msp430_4.2.7\lib\</path>
         <kind>archive</kind>
         <file>rts430x_lc_ld_eabi.lib</file>
         <name>isr_trap.obj</name>
      </input_file>
      <input_file id="fl-72">
         <path>C:\ti\ccs1000\ccs\tools\compiler\msp430_4.2.7\lib\</path>
         <kind>archive</kind>
         <file>rts430x_lc_ld_eabi.lib</file>
         <name>lsl32.obj</name>
      </input_file>
      <input_file id="fl-73">
         <path>C:\ti\ccs1000\ccs\tools\compiler\msp430_4.2.7\lib\</path>
         <kind>archive</kind>
         <file>rts430x_lc_ld_eabi.lib</file>
         <name>lsr32.obj</name>
      </input_file>
      <input_file id="fl-74">
         <path>C:\ti\ccs1000\ccs\tools\compiler\msp430_4.2.7\lib\</path>
         <kind>archive</kind>
         <file>rts430x_lc_ld_eabi.lib</file>
         <name>memcpy.obj</name>
      </input_file>
      <input_file id="fl-75">
         <path>C:\ti\ccs1000\ccs\tools\compiler\msp430_4.2.7\lib\</path>
         <kind>archive</kind>
         <file>rts430x_lc_ld_eabi.lib</file>
         <name>mpyd.obj</name>
      </input_file>
      <input_file id="fl-76">
         <path>C:\ti\ccs1000\ccs\tools\compiler\msp430_4.2.7\lib\</path>
         <kind>archive</kind>
         <file>rts430x_lc_ld_eabi.lib</file>
         <name>mult16_f5hw.obj</name>
      </input_file>
      <input_file id="fl-77">
         <path>C:\ti\ccs1000\ccs\tools\compiler\msp430_4.2.7\lib\</path>
         <kind>archive</kind>
         <file>rts430x_lc_ld_eabi.lib</file>
         <name>mult32_f5hw.obj</name>
      </input_file>
      <input_file id="fl-78">
         <path>C:\ti\ccs1000\ccs\tools\compiler\msp430_4.2.7\lib\</path>
         <kind>archive</kind>
         <file>rts430x_lc_ld_eabi.lib</file>
         <name>pre_init.obj</name>
      </input_file>
      <input_file id="fl-79">
         <path>C:\ti\ccs1000\ccs\tools\compiler\msp430_4.2.7\lib\</path>
         <kind>archive</kind>
         <file>rts430x_lc_ld_eabi.lib</file>
         <name>sprintf.obj</name>
      </input_file>
      <input_file id="fl-7a">
         <path>C:\ti\ccs1000\ccs\tools\compiler\msp430_4.2.7\lib\</path>
         <kind>archive</kind>
         <file>rts430x_lc_ld_eabi.lib</file>
         <name>strcpy.obj</name>
      </input_file>
      <input_file id="fl-7b">
         <path>C:\ti\ccs1000\ccs\tools\compiler\msp430_4.2.7\lib\</path>
         <kind>archive</kind>
         <file>rts430x_lc_ld_eabi.lib</file>
         <name>strlen.obj</name>
      </input_file>
      <input_file id="fl-7c">
         <path>C:\ti\ccs1000\ccs\tools\compiler\msp430_4.2.7\lib\</path>
         <kind>archive</kind>
         <file>rts430x_lc_ld_eabi.lib</file>
         <name>_lock.obj</name>
      </input_file>
      <input_file id="fl-7d">
         <path>C:\ti\ccs1000\ccs\tools\compiler\msp430_4.2.7\lib\</path>
         <kind>archive</kind>
         <file>rts430x_lc_ld_eabi.lib</file>
         <name>_printfi_min.obj</name>
      </input_file>
      <input_file id="fl-7e">
         <path>C:\ti\ccs1000\ccs\tools\compiler\msp430_4.2.7\lib\</path>
         <kind>archive</kind>
         <file>rts430x_lc_ld_eabi.lib</file>
         <name>args_main.obj</name>
      </input_file>
      <input_file id="fl-7f">
         <path>C:\ti\ccs1000\ccs\tools\compiler\msp430_4.2.7\lib\</path>
         <kind>archive</kind>
         <file>rts430x_lc_ld_eabi.lib</file>
         <name>asr32.obj</name>
      </input_file>
      <input_file id="fl-80">
         <path>C:\ti\ccs1000\ccs\tools\compiler\msp430_4.2.7\lib\</path>
         <kind>archive</kind>
         <file>rts430x_lc_ld_eabi.lib</file>
         <name>autoinit.obj</name>
      </input_file>
      <input_file id="fl-81">
         <path>C:\ti\ccs1000\ccs\tools\compiler\msp430_4.2.7\lib\</path>
         <kind>archive</kind>
         <file>rts430x_lc_ld_eabi.lib</file>
         <name>frcmpyd.obj</name>
      </input_file>
      <input_file id="fl-82">
         <path>C:\ti\ccs1000\ccs\tools\compiler\msp430_4.2.7\lib\</path>
         <kind>archive</kind>
         <file>rts430x_lc_ld_eabi.lib</file>
         <name>memccpy.obj</name>
      </input_file>
      <input_file id="fl-83">
         <path>C:\ti\ccs1000\ccs\tools\compiler\msp430_4.2.7\lib\</path>
         <kind>archive</kind>
         <file>rts430x_lc_ld_eabi.lib</file>
         <name>memset.obj</name>
      </input_file>
   </input_file_list>
   <object_component_list>
      <object_component id="oc-97">
         <name>.stack</name>
         <uninitialized>true</uninitialized>
         <run_address>0x5b60</run_address>
         <size>0x4</size>
         <input_file_ref idref="fl-53"/>
      </object_component>
      <object_component id="oc-ede">
         <name>.stack</name>
         <uninitialized>true</uninitialized>
         <run_address>0x5b60</run_address>
         <size>0x0</size>
      </object_component>
      <object_component id="oc-5b4">
         <name>.text:radioProcessMemoryOperations</name>
         <load_address>0x61c0</load_address>
         <run_address>0x61c0</run_address>
         <size>0x4d4</size>
         <input_file_ref idref="fl-4"/>
      </object_component>
      <object_component id="oc-3b2">
         <name>.text:subOperationPictureSession</name>
         <load_address>0x6694</load_address>
         <run_address>0x6694</run_address>
         <size>0x48e</size>
         <input_file_ref idref="fl-3"/>
      </object_component>
      <object_component id="oc-29c">
         <name>.text:abacus_gpio_digitalMode</name>
         <load_address>0x6b22</load_address>
         <run_address>0x6b22</run_address>
         <size>0x402</size>
         <input_file_ref idref="fl-1d"/>
      </object_component>
      <object_component id="oc-4ab">
         <name>.text:abacus_gpio_GPIOExpLoad</name>
         <load_address>0x6f24</load_address>
         <run_address>0x6f24</run_address>
         <size>0x36e</size>
         <input_file_ref idref="fl-1f"/>
      </object_component>
      <object_component id="oc-3ac">
         <name>.text:subOperationShootPictureTransmit</name>
         <load_address>0x7292</load_address>
         <run_address>0x7292</run_address>
         <size>0x310</size>
         <input_file_ref idref="fl-3"/>
      </object_component>
      <object_component id="oc-296">
         <name>.text:abacus_gpio_digitalWrite</name>
         <load_address>0x75a2</load_address>
         <run_address>0x75a2</run_address>
         <size>0x2d6</size>
         <input_file_ref idref="fl-1d"/>
      </object_component>
      <object_component id="oc-ada">
         <name>.text:saveExtendedTelemetry</name>
         <load_address>0x7878</load_address>
         <run_address>0x7878</run_address>
         <size>0x296</size>
         <input_file_ref idref="fl-c"/>
      </object_component>
      <object_component id="oc-979">
         <name>.text:satsystem_loadConfiguration</name>
         <load_address>0x7b0e</load_address>
         <run_address>0x7b0e</run_address>
         <size>0x27e</size>
         <input_file_ref idref="fl-7"/>
      </object_component>
      <object_component id="oc-1ba">
         <name>.text:checkBeacon</name>
         <load_address>0x7d8c</load_address>
         <run_address>0x7d8c</run_address>
         <size>0x27a</size>
         <input_file_ref idref="fl-4"/>
      </object_component>
      <object_component id="oc-317">
         <name>.text:radioInProcessPacket</name>
         <load_address>0x8006</load_address>
         <run_address>0x8006</run_address>
         <size>0x270</size>
         <input_file_ref idref="fl-4"/>
      </object_component>
      <object_component id="oc-981">
         <name>.text:satsystem_saveConfiguration</name>
         <load_address>0x8276</load_address>
         <run_address>0x8276</run_address>
         <size>0x236</size>
         <input_file_ref idref="fl-7"/>
      </object_component>
      <object_component id="oc-b4e">
         <name>.text:abacus_gpio_digitalRead</name>
         <load_address>0x84ac</load_address>
         <run_address>0x84ac</run_address>
         <size>0x232</size>
         <input_file_ref idref="fl-1d"/>
      </object_component>
      <object_component id="oc-363">
         <name>.text:saveSensors</name>
         <load_address>0x86de</load_address>
         <run_address>0x86de</run_address>
         <size>0x20a</size>
         <input_file_ref idref="fl-c"/>
      </object_component>
      <object_component id="oc-35a">
         <name>.text:updateSensors</name>
         <load_address>0x88e8</load_address>
         <run_address>0x88e8</run_address>
         <size>0x1f2</size>
         <input_file_ref idref="fl-c"/>
      </object_component>
      <object_component id="oc-5cc">
         <name>.text:radioProcessCameraOperations</name>
         <load_address>0x8ada</load_address>
         <run_address>0x8ada</run_address>
         <size>0x1ee</size>
         <input_file_ref idref="fl-4"/>
      </object_component>
      <object_component id="oc-3df">
         <name>.text:subOperationGetPicture</name>
         <load_address>0x8cc8</load_address>
         <run_address>0x8cc8</run_address>
         <size>0x1e0</size>
         <input_file_ref idref="fl-6"/>
      </object_component>
      <object_component id="oc-996">
         <name>.text:memory_mapFindLastAddress</name>
         <load_address>0x8ea8</load_address>
         <run_address>0x8ea8</run_address>
         <size>0x1ce</size>
         <input_file_ref idref="fl-6"/>
      </object_component>
      <object_component id="oc-de8">
         <name>.text:abacus_convertFromUnixTime</name>
         <load_address>0x9076</load_address>
         <run_address>0x9076</run_address>
         <size>0x1ae</size>
         <input_file_ref idref="fl-20"/>
      </object_component>
      <object_component id="oc-67a">
         <name>.text:eps_getHkTelemetry</name>
         <load_address>0x9224</load_address>
         <run_address>0x9224</run_address>
         <size>0x1aa</size>
         <input_file_ref idref="fl-9"/>
      </object_component>
      <object_component id="oc-19c">
         <name>.text:satsystem_init</name>
         <load_address>0x93ce</load_address>
         <run_address>0x93ce</run_address>
         <size>0x1a0</size>
         <input_file_ref idref="fl-b"/>
      </object_component>
      <object_component id="oc-4ed">
         <name>.text:abacus_RTC_getTime</name>
         <load_address>0x956e</load_address>
         <run_address>0x956e</run_address>
         <size>0x19e</size>
         <input_file_ref idref="fl-20"/>
      </object_component>
      <object_component id="oc-658">
         <name>.text:abacus_gpio_analogRead</name>
         <load_address>0x970c</load_address>
         <run_address>0x970c</run_address>
         <size>0x196</size>
         <input_file_ref idref="fl-1e"/>
      </object_component>
      <object_component id="oc-579">
         <name>.text:abacus_uart_open</name>
         <load_address>0x98a2</load_address>
         <run_address>0x98a2</run_address>
         <size>0x17e</size>
         <input_file_ref idref="fl-24"/>
      </object_component>
      <object_component id="oc-dee">
         <name>.text:abacus_RTC_setTime</name>
         <load_address>0x9a20</load_address>
         <run_address>0x9a20</run_address>
         <size>0x178</size>
         <input_file_ref idref="fl-20"/>
      </object_component>
      <object_component id="oc-98f">
         <name>.text:abacus_flash_write_dataEasy</name>
         <load_address>0x9b98</load_address>
         <run_address>0x9b98</run_address>
         <size>0x168</size>
         <input_file_ref idref="fl-25"/>
      </object_component>
      <object_component id="oc-520">
         <name>.text:radio_interrupt_trigger</name>
         <load_address>0x9d00</load_address>
         <run_address>0x9d00</run_address>
         <size>0x164</size>
         <input_file_ref idref="fl-5"/>
      </object_component>
      <object_component id="oc-5ea">
         <name>.text:radioProcessUARTOperations</name>
         <load_address>0x9e64</load_address>
         <run_address>0x9e64</run_address>
         <size>0x162</size>
         <input_file_ref idref="fl-4"/>
      </object_component>
      <object_component id="oc-4e5">
         <name>.text:memory_pictures_init</name>
         <load_address>0x9fc6</load_address>
         <run_address>0x9fc6</run_address>
         <size>0x15c</size>
         <input_file_ref idref="fl-6"/>
      </object_component>
      <object_component id="oc-1ae">
         <name>.text:checkRadio</name>
         <load_address>0xa122</load_address>
         <run_address>0xa122</run_address>
         <size>0x150</size>
         <input_file_ref idref="fl-4"/>
      </object_component>
      <object_component id="oc-3a5">
         <name>.text:sendRawRadioPacket</name>
         <load_address>0xa272</load_address>
         <run_address>0xa272</run_address>
         <size>0x150</size>
         <input_file_ref idref="fl-4"/>
      </object_component>
      <object_component id="oc-9cc">
         <name>.text:abacus_convertToUnixTime</name>
         <load_address>0xa3c2</load_address>
         <run_address>0xa3c2</run_address>
         <size>0x148</size>
         <input_file_ref idref="fl-20"/>
      </object_component>
      <object_component id="oc-1cc">
         <name>.text:timer_goToSleep</name>
         <load_address>0xa50a</load_address>
         <run_address>0xa50a</run_address>
         <size>0x148</size>
         <input_file_ref idref="fl-d"/>
      </object_component>
      <object_component id="oc-277">
         <name>.text:satsystem_loadDefaultConfiguration</name>
         <load_address>0xa652</load_address>
         <run_address>0xa652</run_address>
         <size>0x144</size>
         <input_file_ref idref="fl-7"/>
      </object_component>
      <object_component id="oc-3e5">
         <name>.text:subOperationGetPicturePart</name>
         <load_address>0xa796</load_address>
         <run_address>0xa796</run_address>
         <size>0x142</size>
         <input_file_ref idref="fl-6"/>
      </object_component>
      <object_component id="oc-6fb">
         <name>.text:camera_available</name>
         <load_address>0xa8d8</load_address>
         <run_address>0xa8d8</run_address>
         <size>0x13e</size>
         <input_file_ref idref="fl-3"/>
      </object_component>
      <object_component id="oc-5c6">
         <name>.text:radioProcessRadioOperations</name>
         <load_address>0xaa16</load_address>
         <run_address>0xaa16</run_address>
         <size>0x126</size>
         <input_file_ref idref="fl-4"/>
      </object_component>
      <object_component id="oc-5e4">
         <name>.text:radioProcessI2COperations</name>
         <load_address>0xab3c</load_address>
         <run_address>0xab3c</run_address>
         <size>0x11e</size>
         <input_file_ref idref="fl-4"/>
      </object_component>
      <object_component id="oc-121">
         <name>.text:abacus_i2c_requestFrom</name>
         <load_address>0xac5a</load_address>
         <run_address>0xac5a</run_address>
         <size>0x11a</size>
         <input_file_ref idref="fl-22"/>
      </object_component>
      <object_component id="oc-76a">
         <name>.text:memory_picture_startNewPicture</name>
         <load_address>0xad74</load_address>
         <run_address>0xad74</run_address>
         <size>0x10e</size>
         <input_file_ref idref="fl-6"/>
      </object_component>
      <object_component id="oc-2d8">
         <name>.text:radio_init</name>
         <load_address>0xae82</load_address>
         <run_address>0xae82</run_address>
         <size>0x106</size>
         <input_file_ref idref="fl-5"/>
      </object_component>
      <object_component id="oc-3cd">
         <name>.text:subOperationCleansEvents</name>
         <load_address>0xaf88</load_address>
         <run_address>0xaf88</run_address>
         <size>0xfe</size>
         <input_file_ref idref="fl-6"/>
      </object_component>
      <object_component id="oc-3eb">
         <name>.text:subOperationCleansPictures</name>
         <load_address>0xb086</load_address>
         <run_address>0xb086</run_address>
         <size>0xfe</size>
         <input_file_ref idref="fl-6"/>
      </object_component>
      <object_component id="oc-3c1">
         <name>.text:subOperationCleanSensors</name>
         <load_address>0xb184</load_address>
         <run_address>0xb184</run_address>
         <size>0xf8</size>
         <input_file_ref idref="fl-6"/>
      </object_component>
      <object_component id="oc-469">
         <name>.text:abacus_gpio_init</name>
         <load_address>0xb27c</load_address>
         <run_address>0xb27c</run_address>
         <size>0xf4</size>
         <input_file_ref idref="fl-1d"/>
      </object_component>
      <object_component id="oc-3c7">
         <name>.text:subOperationEvents</name>
         <load_address>0xb370</load_address>
         <run_address>0xb370</run_address>
         <size>0xea</size>
         <input_file_ref idref="fl-6"/>
      </object_component>
      <object_component id="oc-3d3">
         <name>.text:subOperationCleansFPGA</name>
         <load_address>0xb45a</load_address>
         <run_address>0xb45a</run_address>
         <size>0xe8</size>
         <input_file_ref idref="fl-6"/>
      </object_component>
      <object_component id="oc-3bb">
         <name>.text:subOperationSensors</name>
         <load_address>0xb542</load_address>
         <run_address>0xb542</run_address>
         <size>0xe8</size>
         <input_file_ref idref="fl-6"/>
      </object_component>
      <object_component id="oc-5de">
         <name>.text:radioProcessFPGAOperations</name>
         <load_address>0xb62a</load_address>
         <run_address>0xb62a</run_address>
         <size>0xde</size>
         <input_file_ref idref="fl-4"/>
      </object_component>
      <object_component id="oc-49f">
         <name>.text:abacus_sensors_gyro_init</name>
         <load_address>0xb708</load_address>
         <run_address>0xb708</run_address>
         <size>0xdc</size>
         <input_file_ref idref="fl-27"/>
      </object_component>
      <object_component id="oc-d52">
         <name>.text:abacus_flash_write_data</name>
         <load_address>0xb7e4</load_address>
         <run_address>0xb7e4</run_address>
         <size>0xda</size>
         <input_file_ref idref="fl-25"/>
      </object_component>
      <object_component id="oc-9d4">
         <name>.text:memory_events_write</name>
         <load_address>0xb8be</load_address>
         <run_address>0xb8be</run_address>
         <size>0xd8</size>
         <input_file_ref idref="fl-6"/>
      </object_component>
      <object_component id="oc-d8f">
         <name>.text:abacus_spi_write_read_calculateCRC16</name>
         <load_address>0xb996</load_address>
         <run_address>0xb996</run_address>
         <size>0xd4</size>
         <input_file_ref idref="fl-23"/>
      </object_component>
      <object_component id="oc-6b2">
         <name>.text:memory_sensors_write</name>
         <load_address>0xba6a</load_address>
         <run_address>0xba6a</run_address>
         <size>0xd4</size>
         <input_file_ref idref="fl-6"/>
      </object_component>
      <object_component id="oc-16f">
         <name>.text:uart_RX_next_byte</name>
         <load_address>0xbb3e</load_address>
         <run_address>0xbb3e</run_address>
         <size>0xd2</size>
         <input_file_ref idref="fl-24"/>
      </object_component>
      <object_component id="oc-50c">
         <name>.text:memory_logEvent</name>
         <load_address>0xbc10</load_address>
         <run_address>0xbc10</run_address>
         <size>0xcc</size>
         <input_file_ref idref="fl-6"/>
      </object_component>
      <object_component id="oc-558">
         <name>.text:abacus_uart_close</name>
         <load_address>0xbcdc</load_address>
         <run_address>0xbcdc</run_address>
         <size>0xca</size>
         <input_file_ref idref="fl-24"/>
      </object_component>
      <object_component id="oc-52f">
         <name>.text:radio_sendCommand</name>
         <load_address>0xbda6</load_address>
         <run_address>0xbda6</run_address>
         <size>0xc8</size>
         <input_file_ref idref="fl-5"/>
      </object_component>
      <object_component id="oc-5ba">
         <name>.text:radioProcessExtendedTelemetry</name>
         <load_address>0xbe6e</load_address>
         <run_address>0xbe6e</run_address>
         <size>0xbe</size>
         <input_file_ref idref="fl-4"/>
      </object_component>
      <object_component id="oc-6eb">
         <name>.text:camera_changeResolution</name>
         <load_address>0xbf2c</load_address>
         <run_address>0xbf2c</run_address>
         <size>0xbc</size>
         <input_file_ref idref="fl-3"/>
      </object_component>
      <object_component id="oc-bde">
         <name>.text</name>
         <load_address>0xbfe8</load_address>
         <run_address>0xbfe8</run_address>
         <size>0xb6</size>
         <input_file_ref idref="fl-62"/>
      </object_component>
      <object_component id="oc-660">
         <name>.text:radio_readTelemetry</name>
         <load_address>0xc09e</load_address>
         <run_address>0xc09e</run_address>
         <size>0xb4</size>
         <input_file_ref idref="fl-5"/>
      </object_component>
      <object_component id="oc-95e">
         <name>.text:maskIoExpanderPort</name>
         <load_address>0xc152</load_address>
         <run_address>0xc152</run_address>
         <size>0xb0</size>
         <input_file_ref idref="fl-1f"/>
      </object_component>
      <object_component id="oc-c45">
         <name>.text:camera_changeBaud</name>
         <load_address>0xc202</load_address>
         <run_address>0xc202</run_address>
         <size>0xaa</size>
         <input_file_ref idref="fl-3"/>
      </object_component>
      <object_component id="oc-118">
         <name>.text:abacus_i2c_write</name>
         <load_address>0xc2ac</load_address>
         <run_address>0xc2ac</run_address>
         <size>0xa8</size>
         <input_file_ref idref="fl-22"/>
      </object_component>
      <object_component id="oc-cf9">
         <name>.text:abacus_spi_write_read</name>
         <load_address>0xc354</load_address>
         <run_address>0xc354</run_address>
         <size>0xa8</size>
         <input_file_ref idref="fl-23"/>
      </object_component>
      <object_component id="oc-c1e">
         <name>.text:uart_write</name>
         <load_address>0xc3fc</load_address>
         <run_address>0xc3fc</run_address>
         <size>0xa6</size>
         <input_file_ref idref="fl-24"/>
      </object_component>
      <object_component id="oc-5d8">
         <name>.text:radioProcessAnalogPin</name>
         <load_address>0xc4a2</load_address>
         <run_address>0xc4a2</run_address>
         <size>0x9a</size>
         <input_file_ref idref="fl-4"/>
      </object_component>
      <object_component id="oc-713">
         <name>.text:camera_askPicturePacket</name>
         <load_address>0xc53c</load_address>
         <run_address>0xc53c</run_address>
         <size>0x96</size>
         <input_file_ref idref="fl-3"/>
      </object_component>
      <object_component id="oc-c0b">
         <name>.text:memory_mapSetPage</name>
         <load_address>0xc5d2</load_address>
         <run_address>0xc5d2</run_address>
         <size>0x96</size>
         <input_file_ref idref="fl-6"/>
      </object_component>
      <object_component id="oc-83a">
         <name>.text:memory_picture_getPictureInfo</name>
         <load_address>0xc668</load_address>
         <run_address>0xc668</run_address>
         <size>0x96</size>
         <input_file_ref idref="fl-6"/>
      </object_component>
      <object_component id="oc-5d2">
         <name>.text:radioProcessDigitalPin</name>
         <load_address>0xc6fe</load_address>
         <run_address>0xc6fe</run_address>
         <size>0x94</size>
         <input_file_ref idref="fl-4"/>
      </object_component>
      <object_component id="oc-26e">
         <name>.text:init_registers</name>
         <load_address>0xc792</load_address>
         <run_address>0xc792</run_address>
         <size>0x92</size>
         <input_file_ref idref="fl-b"/>
      </object_component>
      <object_component id="oc-2e6">
         <name>.text:debugExternalInterrupt</name>
         <load_address>0xc824</load_address>
         <run_address>0xc824</run_address>
         <size>0x90</size>
         <input_file_ref idref="fl-8"/>
      </object_component>
      <object_component id="oc-1c6">
         <name>.text:checkMemory</name>
         <load_address>0xc8b4</load_address>
         <run_address>0xc8b4</run_address>
         <size>0x8e</size>
         <input_file_ref idref="fl-6"/>
      </object_component>
      <object_component id="oc-5f6">
         <name>.text:radioProcessHAMPacket</name>
         <load_address>0xc942</load_address>
         <run_address>0xc942</run_address>
         <size>0x8e</size>
         <input_file_ref idref="fl-4"/>
      </object_component>
      <object_component id="oc-7d3">
         <name>.text:abacus_flash_sector_erase</name>
         <load_address>0xc9d0</load_address>
         <run_address>0xc9d0</run_address>
         <size>0x8c</size>
         <input_file_ref idref="fl-25"/>
      </object_component>
      <object_component id="oc-707">
         <name>.text:camera_getPictureSize</name>
         <load_address>0xca5c</load_address>
         <run_address>0xca5c</run_address>
         <size>0x88</size>
         <input_file_ref idref="fl-3"/>
      </object_component>
      <object_component id="oc-207">
         <name>.text:i2c_begin_transmission</name>
         <load_address>0xcae4</load_address>
         <run_address>0xcae4</run_address>
         <size>0x88</size>
         <input_file_ref idref="fl-22"/>
      </object_component>
      <object_component id="oc-20d">
         <name>.text:i2c_write_firstbyte</name>
         <load_address>0xcb6c</load_address>
         <run_address>0xcb6c</run_address>
         <size>0x84</size>
         <input_file_ref idref="fl-22"/>
      </object_component>
      <object_component id="oc-46f">
         <name>.text:abacus_uart_init</name>
         <load_address>0xcbf0</load_address>
         <run_address>0xcbf0</run_address>
         <size>0x82</size>
         <input_file_ref idref="fl-24"/>
      </object_component>
      <object_component id="oc-4cd">
         <name>.text:memory_writeConf</name>
         <load_address>0xcc72</load_address>
         <run_address>0xcc72</run_address>
         <size>0x80</size>
         <input_file_ref idref="fl-6"/>
      </object_component>
      <object_component id="oc-343">
         <name>.text:radio_readData</name>
         <load_address>0xccf2</load_address>
         <run_address>0xccf2</run_address>
         <size>0x80</size>
         <input_file_ref idref="fl-5"/>
      </object_component>
      <object_component id="oc-c4">
         <name>.text:_auto_init</name>
         <load_address>0xcd72</load_address>
         <run_address>0xcd72</run_address>
         <size>0x7e</size>
         <input_file_ref idref="fl-80"/>
      </object_component>
      <object_component id="oc-da3">
         <name>.text:abacus_sensors_acc_read</name>
         <load_address>0xcdf0</load_address>
         <run_address>0xcdf0</run_address>
         <size>0x7c</size>
         <input_file_ref idref="fl-26"/>
      </object_component>
      <object_component id="oc-652">
         <name>.text:abacus_sensors_gyro_read</name>
         <load_address>0xce6c</load_address>
         <run_address>0xce6c</run_address>
         <size>0x7c</size>
         <input_file_ref idref="fl-27"/>
      </object_component>
      <object_component id="oc-647">
         <name>.text:abacus_sensors_magnetometer_read</name>
         <load_address>0xcee8</load_address>
         <run_address>0xcee8</run_address>
         <size>0x7a</size>
         <input_file_ref idref="fl-28"/>
      </object_component>
      <object_component id="oc-aac">
         <name>.text:memory_fpga_saveHeader</name>
         <load_address>0xcf62</load_address>
         <run_address>0xcf62</run_address>
         <size>0x7a</size>
         <input_file_ref idref="fl-6"/>
      </object_component>
      <object_component id="oc-326">
         <name>.text:abacus_millis</name>
         <load_address>0xcfdc</load_address>
         <run_address>0xcfdc</run_address>
         <size>0x78</size>
         <input_file_ref idref="fl-d"/>
      </object_component>
      <object_component id="oc-6dd">
         <name>.text:camera_switchOn</name>
         <load_address>0xd054</load_address>
         <run_address>0xd054</run_address>
         <size>0x78</size>
         <input_file_ref idref="fl-3"/>
      </object_component>
      <object_component id="oc-5c0">
         <name>.text:radioProcessSetNewConfiguration</name>
         <load_address>0xd0cc</load_address>
         <run_address>0xd0cc</run_address>
         <size>0x76</size>
         <input_file_ref idref="fl-4"/>
      </object_component>
      <object_component id="oc-dfc">
         <name>.text:remap_calculateIndex</name>
         <load_address>0xd142</load_address>
         <run_address>0xd142</run_address>
         <size>0x76</size>
         <input_file_ref idref="fl-6"/>
      </object_component>
      <object_component id="oc-d5f">
         <name>.text:remap_calculateValue</name>
         <load_address>0xd1b8</load_address>
         <run_address>0xd1b8</run_address>
         <size>0x76</size>
         <input_file_ref idref="fl-6"/>
      </object_component>
      <object_component id="oc-4df">
         <name>.text:memory_fpga_init</name>
         <load_address>0xd22e</load_address>
         <run_address>0xd22e</run_address>
         <size>0x74</size>
         <input_file_ref idref="fl-6"/>
      </object_component>
      <object_component id="oc-47b">
         <name>.text:abacus_spi_init</name>
         <load_address>0xd2a2</load_address>
         <run_address>0xd2a2</run_address>
         <size>0x72</size>
         <input_file_ref idref="fl-23"/>
      </object_component>
      <object_component id="oc-2c0">
         <name>.text:getUnixTimeNow</name>
         <load_address>0xd314</load_address>
         <run_address>0xd314</run_address>
         <size>0x72</size>
         <input_file_ref idref="fl-d"/>
      </object_component>
      <object_component id="oc-332">
         <name>.text:radio_reset</name>
         <load_address>0xd386</load_address>
         <run_address>0xd386</run_address>
         <size>0x72</size>
         <input_file_ref idref="fl-5"/>
      </object_component>
      <object_component id="oc-77e">
         <name>.text:memory_picture_saveData</name>
         <load_address>0xd3f8</load_address>
         <run_address>0xd3f8</run_address>
         <size>0x70</size>
         <input_file_ref idref="fl-6"/>
      </object_component>
      <object_component id="oc-92c">
         <name>.text:abacus_sensors_magnetometer_setRate</name>
         <load_address>0xd468</load_address>
         <run_address>0xd468</run_address>
         <size>0x6c</size>
         <input_file_ref idref="fl-28"/>
      </object_component>
      <object_component id="oc-bb1">
         <name>.text:abacus_RTC_setUnixTime</name>
         <load_address>0xd4d4</load_address>
         <run_address>0xd4d4</run_address>
         <size>0x6a</size>
         <input_file_ref idref="fl-20"/>
      </object_component>
      <object_component id="oc-938">
         <name>.text:abacus_sensors_magnetometer_setSampleAveraging</name>
         <load_address>0xd53e</load_address>
         <run_address>0xd53e</run_address>
         <size>0x6a</size>
         <input_file_ref idref="fl-28"/>
      </object_component>
      <object_component id="oc-6d6">
         <name>.text:abacus_uart_write</name>
         <load_address>0xd5a8</load_address>
         <run_address>0xd5a8</run_address>
         <size>0x6a</size>
         <input_file_ref idref="fl-24"/>
      </object_component>
      <object_component id="oc-926">
         <name>.text:abacus_sensors_magnetometer_setMeasurementMode</name>
         <load_address>0xd612</load_address>
         <run_address>0xd612</run_address>
         <size>0x68</size>
         <input_file_ref idref="fl-28"/>
      </object_component>
      <object_component id="oc-ca0">
         <name>.text:camera_readData</name>
         <load_address>0xd67a</load_address>
         <run_address>0xd67a</run_address>
         <size>0x68</size>
         <input_file_ref idref="fl-3"/>
      </object_component>
      <object_component id="oc-637">
         <name>.text</name>
         <load_address>0xd6e2</load_address>
         <run_address>0xd6e2</run_address>
         <size>0x68</size>
         <input_file_ref idref="fl-63"/>
      </object_component>
      <object_component id="oc-671">
         <name>.text:averageSensor</name>
         <load_address>0xd74a</load_address>
         <run_address>0xd74a</run_address>
         <size>0x66</size>
         <input_file_ref idref="fl-c"/>
      </object_component>
      <object_component id="oc-1b4">
         <name>.text:checkTelemetry</name>
         <load_address>0xd7b0</load_address>
         <run_address>0xd7b0</run_address>
         <size>0x66</size>
         <input_file_ref idref="fl-c"/>
      </object_component>
      <object_component id="oc-2ba">
         <name>.text:abacus_RTC_internal_sincRTC</name>
         <load_address>0xd816</load_address>
         <run_address>0xd816</run_address>
         <size>0x64</size>
         <input_file_ref idref="fl-21"/>
      </object_component>
      <object_component id="oc-4ba">
         <name>.text:abacus_gpio_GPIOExpDigitalMode</name>
         <load_address>0xd87a</load_address>
         <run_address>0xd87a</run_address>
         <size>0x64</size>
         <input_file_ref idref="fl-1f"/>
      </object_component>
      <object_component id="oc-ca">
         <name>.text:main</name>
         <load_address>0xd8de</load_address>
         <run_address>0xd8de</run_address>
         <size>0x64</size>
         <input_file_ref idref="fl-2"/>
      </object_component>
      <object_component id="oc-aa0">
         <name>.text:abacus_flash_crc</name>
         <load_address>0xd942</load_address>
         <run_address>0xd942</run_address>
         <size>0x62</size>
         <input_file_ref idref="fl-25"/>
      </object_component>
      <object_component id="oc-4b3">
         <name>.text:abacus_gpio_GPIOExpDigitalWrite</name>
         <load_address>0xd9a4</load_address>
         <run_address>0xd9a4</run_address>
         <size>0x62</size>
         <input_file_ref idref="fl-1f"/>
      </object_component>
      <object_component id="oc-9f4">
         <name>.text:radio_calculateChecksums</name>
         <load_address>0xda06</load_address>
         <run_address>0xda06</run_address>
         <size>0x62</size>
         <input_file_ref idref="fl-5"/>
      </object_component>
      <object_component id="oc-3f1">
         <name>.text:subOperationBulkErase</name>
         <load_address>0xda68</load_address>
         <run_address>0xda68</run_address>
         <size>0x60</size>
         <input_file_ref idref="fl-6"/>
      </object_component>
      <object_component id="oc-4fa">
         <name>.text:abacus_RTC_getUnixTime</name>
         <load_address>0xdac8</load_address>
         <run_address>0xdac8</run_address>
         <size>0x5e</size>
         <input_file_ref idref="fl-20"/>
      </object_component>
      <object_component id="oc-58d">
         <name>.text:abacus_enter_LPM</name>
         <load_address>0xdb26</load_address>
         <run_address>0xdb26</run_address>
         <size>0x5c</size>
         <input_file_ref idref="fl-19"/>
      </object_component>
      <object_component id="oc-964">
         <name>.text:portBitMap</name>
         <load_address>0xdb82</load_address>
         <run_address>0xdb82</run_address>
         <size>0x5c</size>
         <input_file_ref idref="fl-1f"/>
      </object_component>
      <object_component id="oc-bd2">
         <name>.text:thermometerDS1775_readTemperature</name>
         <load_address>0xdbde</load_address>
         <run_address>0xdbde</run_address>
         <size>0x5c</size>
         <input_file_ref idref="fl-29"/>
      </object_component>
      <object_component id="oc-e04">
         <name>.text:uart_safe_tx_byte</name>
         <load_address>0xdc3a</load_address>
         <run_address>0xdc3a</run_address>
         <size>0x5c</size>
         <input_file_ref idref="fl-24"/>
      </object_component>
      <object_component id="oc-8a5">
         <name>.text:abacus_flash_bulk_erase</name>
         <load_address>0xdc96</load_address>
         <run_address>0xdc96</run_address>
         <size>0x5a</size>
         <input_file_ref idref="fl-25"/>
      </object_component>
      <object_component id="oc-475">
         <name>.text:abacus_i2c_init</name>
         <load_address>0xdcf0</load_address>
         <run_address>0xdcf0</run_address>
         <size>0x5a</size>
         <input_file_ref idref="fl-22"/>
      </object_component>
      <object_component id="oc-d87">
         <name>.text:bufferSize</name>
         <load_address>0xdd4a</load_address>
         <run_address>0xdd4a</run_address>
         <size>0x58</size>
         <input_file_ref idref="fl-24"/>
      </object_component>
      <object_component id="oc-504">
         <name>.text</name>
         <load_address>0xdda2</load_address>
         <run_address>0xdda2</run_address>
         <size>0x58</size>
         <input_file_ref idref="fl-5c"/>
      </object_component>
      <object_component id="oc-d30">
         <name>.text:thermometerDS1775_powerOn</name>
         <load_address>0xddfa</load_address>
         <run_address>0xddfa</run_address>
         <size>0x56</size>
         <input_file_ref idref="fl-29"/>
      </object_component>
      <object_component id="oc-7c3">
         <name>.text:abacus_flash_read_data</name>
         <load_address>0xde50</load_address>
         <run_address>0xde50</run_address>
         <size>0x54</size>
         <input_file_ref idref="fl-25"/>
      </object_component>
      <object_component id="oc-5f0">
         <name>.text:radioProcessConfigurationPacket</name>
         <load_address>0xdea4</load_address>
         <run_address>0xdea4</run_address>
         <size>0x54</size>
         <input_file_ref idref="fl-4"/>
      </object_component>
      <object_component id="oc-33d">
         <name>.text:radio_readAckNack</name>
         <load_address>0xdef8</load_address>
         <run_address>0xdef8</run_address>
         <size>0x54</size>
         <input_file_ref idref="fl-5"/>
      </object_component>
      <object_component id="oc-dca">
         <name>.text:abacus_gpio_GPIOExpDigitalRead</name>
         <load_address>0xdf4c</load_address>
         <run_address>0xdf4c</run_address>
         <size>0x50</size>
         <input_file_ref idref="fl-1f"/>
      </object_component>
      <object_component id="oc-300">
         <name>.text:abacus_sleep_msec</name>
         <load_address>0xdf9c</load_address>
         <run_address>0xdf9c</run_address>
         <size>0x50</size>
         <input_file_ref idref="fl-d"/>
      </object_component>
      <object_component id="oc-729">
         <name>.text:camera_getPicturePacket</name>
         <load_address>0xdfec</load_address>
         <run_address>0xdfec</run_address>
         <size>0x50</size>
         <input_file_ref idref="fl-3"/>
      </object_component>
      <object_component id="oc-745">
         <name>.text:camera_resetPicture</name>
         <load_address>0xe03c</load_address>
         <run_address>0xe03c</run_address>
         <size>0x50</size>
         <input_file_ref idref="fl-3"/>
      </object_component>
      <object_component id="oc-2aa">
         <name>.text:memory_init</name>
         <load_address>0xe08c</load_address>
         <run_address>0xe08c</run_address>
         <size>0x50</size>
         <input_file_ref idref="fl-6"/>
      </object_component>
      <object_component id="oc-91f">
         <name>.text:abacus_sensors_gyro_power_on</name>
         <load_address>0xe0dc</load_address>
         <run_address>0xe0dc</run_address>
         <size>0x4e</size>
         <input_file_ref idref="fl-27"/>
      </object_component>
      <object_component id="oc-599">
         <name>.text:radioInProcessHamPacket</name>
         <load_address>0xe12a</load_address>
         <run_address>0xe12a</run_address>
         <size>0x4a</size>
         <input_file_ref idref="fl-4"/>
      </object_component>
      <object_component id="oc-6e4">
         <name>.text:sendErrorTakingPicture</name>
         <load_address>0xe174</load_address>
         <run_address>0xe174</run_address>
         <size>0x4a</size>
         <input_file_ref idref="fl-3"/>
      </object_component>
      <object_component id="oc-b70">
         <name>.text:abacus_fpga_dataBusSendArray_8bit</name>
         <load_address>0xe1be</load_address>
         <run_address>0xe1be</run_address>
         <size>0x48</size>
         <input_file_ref idref="fl-1c"/>
      </object_component>
      <object_component id="oc-86f">
         <name>.text:memory_picture_pointToPicturePart</name>
         <load_address>0xe206</load_address>
         <run_address>0xe206</run_address>
         <size>0x48</size>
         <input_file_ref idref="fl-6"/>
      </object_component>
      <object_component id="oc-b0c">
         <name>.text:radio_readRawStruct</name>
         <load_address>0xe24e</load_address>
         <run_address>0xe24e</run_address>
         <size>0x48</size>
         <input_file_ref idref="fl-5"/>
      </object_component>
      <object_component id="oc-cf3">
         <name>.text:spi_chipSelect</name>
         <load_address>0xe296</load_address>
         <run_address>0xe296</run_address>
         <size>0x48</size>
         <input_file_ref idref="fl-25"/>
      </object_component>
      <object_component id="oc-4d9">
         <name>.text:memory_events_init</name>
         <load_address>0xe2de</load_address>
         <run_address>0xe2de</run_address>
         <size>0x44</size>
         <input_file_ref idref="fl-6"/>
      </object_component>
      <object_component id="oc-85a">
         <name>.text:memory_picture_getPictureData</name>
         <load_address>0xe322</load_address>
         <run_address>0xe322</run_address>
         <size>0x44</size>
         <input_file_ref idref="fl-6"/>
      </object_component>
      <object_component id="oc-290">
         <name>.text:abacus_init</name>
         <load_address>0xe366</load_address>
         <run_address>0xe366</run_address>
         <size>0x42</size>
         <input_file_ref idref="fl-19"/>
      </object_component>
      <object_component id="oc-de1">
         <name>.text:abacus_uart_outputBufferCount</name>
         <load_address>0xe3a8</load_address>
         <run_address>0xe3a8</run_address>
         <size>0x40</size>
         <input_file_ref idref="fl-24"/>
      </object_component>
      <object_component id="oc-66a">
         <name>.text</name>
         <load_address>0xe3e8</load_address>
         <run_address>0xe3e8</run_address>
         <size>0x40</size>
         <input_file_ref idref="fl-5b"/>
      </object_component>
      <object_component id="oc-2ec">
         <name>.text:abacus_uart_open_function</name>
         <load_address>0xe428</load_address>
         <run_address>0xe428</run_address>
         <size>0x3e</size>
         <input_file_ref idref="fl-24"/>
      </object_component>
      <object_component id="oc-195">
         <name>.text:l_asr_const</name>
         <load_address>0xe466</load_address>
         <run_address>0xe466</run_address>
         <size>0x3e</size>
         <input_file_ref idref="fl-7f"/>
      </object_component>
      <object_component id="oc-d58">
         <name>.text:l_lsl_const</name>
         <load_address>0xe4a4</load_address>
         <run_address>0xe4a4</run_address>
         <size>0x3e</size>
         <input_file_ref idref="fl-72"/>
      </object_component>
      <object_component id="oc-99f">
         <name>.text:l_lsr_const</name>
         <load_address>0xe4e2</load_address>
         <run_address>0xe4e2</run_address>
         <size>0x3e</size>
         <input_file_ref idref="fl-73"/>
      </object_component>
      <object_component id="oc-560">
         <name>.text:abacus_uart_available</name>
         <load_address>0xe520</load_address>
         <run_address>0xe520</run_address>
         <size>0x3c</size>
         <input_file_ref idref="fl-24"/>
      </object_component>
      <object_component id="oc-567">
         <name>.text:abacus_uart_read</name>
         <load_address>0xe55c</load_address>
         <run_address>0xe55c</run_address>
         <size>0x3c</size>
         <input_file_ref idref="fl-24"/>
      </object_component>
      <object_component id="oc-b32">
         <name>.text:camera_lockUntilAvailable</name>
         <load_address>0xe598</load_address>
         <run_address>0xe598</run_address>
         <size>0x3c</size>
         <input_file_ref idref="fl-3"/>
      </object_component>
      <object_component id="oc-4d3">
         <name>.text:memory_sensors_init</name>
         <load_address>0xe5d4</load_address>
         <run_address>0xe5d4</run_address>
         <size>0x3c</size>
         <input_file_ref idref="fl-6"/>
      </object_component>
      <object_component id="oc-349">
         <name>.text:radio_x25_decode</name>
         <load_address>0xe610</load_address>
         <run_address>0xe610</run_address>
         <size>0x3c</size>
         <input_file_ref idref="fl-5"/>
      </object_component>
      <object_component id="oc-a48">
         <name>.text:uart_read_byte</name>
         <load_address>0xe64c</load_address>
         <run_address>0xe64c</run_address>
         <size>0x3c</size>
         <input_file_ref idref="fl-24"/>
      </object_component>
      <object_component id="oc-9b0">
         <name>.text:char2ulong</name>
         <load_address>0xe688</load_address>
         <run_address>0xe688</run_address>
         <size>0x3a</size>
         <input_file_ref idref="fl-1b"/>
      </object_component>
      <object_component id="oc-988">
         <name>.text:abacus_flash_wait_while_busy</name>
         <load_address>0xe6c2</load_address>
         <run_address>0xe6c2</run_address>
         <size>0x38</size>
         <input_file_ref idref="fl-25"/>
      </object_component>
      <object_component id="oc-8fa">
         <name>.text:abacus_flash_write_read_instruction</name>
         <load_address>0xe6fa</load_address>
         <run_address>0xe6fa</run_address>
         <size>0x38</size>
         <input_file_ref idref="fl-25"/>
      </object_component>
      <object_component id="oc-ab2">
         <name>.text:memory_fpga_saveData</name>
         <load_address>0xe732</load_address>
         <run_address>0xe732</run_address>
         <size>0x38</size>
         <input_file_ref idref="fl-6"/>
      </object_component>
      <object_component id="oc-481">
         <name>.text:abacus_flashMCU_init</name>
         <load_address>0xe76a</load_address>
         <run_address>0xe76a</run_address>
         <size>0x36</size>
         <input_file_ref idref="fl-25"/>
      </object_component>
      <object_component id="oc-e49">
         <name>.text:abacus_gpio_GPIOExpReadPort</name>
         <load_address>0xe7a0</load_address>
         <run_address>0xe7a0</run_address>
         <size>0x36</size>
         <input_file_ref idref="fl-1f"/>
      </object_component>
      <object_component id="oc-4c6">
         <name>.text:memory_readConf</name>
         <load_address>0xe7d6</load_address>
         <run_address>0xe7d6</run_address>
         <size>0x36</size>
         <input_file_ref idref="fl-6"/>
      </object_component>
      <object_component id="oc-bd9">
         <name>.text</name>
         <load_address>0xe80c</load_address>
         <run_address>0xe80c</run_address>
         <size>0x36</size>
         <input_file_ref idref="fl-60"/>
      </object_component>
      <object_component id="oc-379">
         <name>.text:ulong2char</name>
         <load_address>0xe842</load_address>
         <run_address>0xe842</run_address>
         <size>0x36</size>
         <input_file_ref idref="fl-1b"/>
      </object_component>
      <object_component id="oc-ced">
         <name>.text:flash_prepareCommandAddress</name>
         <load_address>0xe878</load_address>
         <run_address>0xe878</run_address>
         <size>0x34</size>
         <input_file_ref idref="fl-25"/>
      </object_component>
      <object_component id="oc-5fc">
         <name>.text:radioProcessDebugPacket</name>
         <load_address>0xe8ac</load_address>
         <run_address>0xe8ac</run_address>
         <size>0x34</size>
         <input_file_ref idref="fl-4"/>
      </object_component>
      <object_component id="oc-b77">
         <name>.text:abacus_fpga_dataBusGetArray_8bit</name>
         <load_address>0xe8e0</load_address>
         <run_address>0xe8e0</run_address>
         <size>0x32</size>
         <input_file_ref idref="fl-1c"/>
      </object_component>
      <object_component id="oc-2de">
         <name>.text:camera_init</name>
         <load_address>0xe912</load_address>
         <run_address>0xe912</run_address>
         <size>0x32</size>
         <input_file_ref idref="fl-3"/>
      </object_component>
      <object_component id="oc-1c0">
         <name>.text:checkCamera</name>
         <load_address>0xe944</load_address>
         <run_address>0xe944</run_address>
         <size>0x32</size>
         <input_file_ref idref="fl-3"/>
      </object_component>
      <object_component id="oc-756">
         <name>.text:camera_switchOff</name>
         <load_address>0xe976</load_address>
         <run_address>0xe976</run_address>
         <size>0x30</size>
         <input_file_ref idref="fl-3"/>
      </object_component>
      <object_component id="oc-c3e">
         <name>.text:camera_txData</name>
         <load_address>0xe9a6</load_address>
         <run_address>0xe9a6</run_address>
         <size>0x30</size>
         <input_file_ref idref="fl-3"/>
      </object_component>
      <object_component id="oc-be6">
         <name>.text:char2int</name>
         <load_address>0xe9d6</load_address>
         <run_address>0xe9d6</run_address>
         <size>0x30</size>
         <input_file_ref idref="fl-1b"/>
      </object_component>
      <object_component id="oc-5a5">
         <name>.text:char2uint</name>
         <load_address>0xea06</load_address>
         <run_address>0xea06</run_address>
         <size>0x30</size>
         <input_file_ref idref="fl-1b"/>
      </object_component>
      <object_component id="oc-701">
         <name>.text:camera_readAckNack</name>
         <load_address>0xea36</load_address>
         <run_address>0xea36</run_address>
         <size>0x2e</size>
         <input_file_ref idref="fl-3"/>
      </object_component>
      <object_component id="oc-6f2">
         <name>.text:camera_shootPicture</name>
         <load_address>0xea64</load_address>
         <run_address>0xea64</run_address>
         <size>0x2e</size>
         <input_file_ref idref="fl-3"/>
      </object_component>
      <object_component id="oc-7af">
         <name>.text:abacus_flash_isWorkInProgress</name>
         <load_address>0xea92</load_address>
         <run_address>0xea92</run_address>
         <size>0x2c</size>
         <input_file_ref idref="fl-25"/>
      </object_component>
      <object_component id="oc-d06">
         <name>.text:abacus_flash_write_instruction</name>
         <load_address>0xeabe</load_address>
         <run_address>0xeabe</run_address>
         <size>0x2c</size>
         <input_file_ref idref="fl-25"/>
      </object_component>
      <object_component id="oc-e30">
         <name>.text:abacus_spi_write_instruction</name>
         <load_address>0xeaea</load_address>
         <run_address>0xeaea</run_address>
         <size>0x2c</size>
         <input_file_ref idref="fl-23"/>
      </object_component>
      <object_component id="oc-385">
         <name>.text:int2char</name>
         <load_address>0xeb16</load_address>
         <run_address>0xeb16</run_address>
         <size>0x2c</size>
         <input_file_ref idref="fl-1b"/>
      </object_component>
      <object_component id="oc-2c9">
         <name>.text:memory_logEvent_noPayload</name>
         <load_address>0xeb42</load_address>
         <run_address>0xeb42</run_address>
         <size>0x2c</size>
         <input_file_ref idref="fl-6"/>
      </object_component>
      <object_component id="oc-d6b">
         <name>.text</name>
         <load_address>0xeb6e</load_address>
         <run_address>0xeb6e</run_address>
         <size>0x2c</size>
         <input_file_ref idref="fl-59"/>
      </object_component>
      <object_component id="oc-373">
         <name>.text:uint2char</name>
         <load_address>0xeb9a</load_address>
         <run_address>0xeb9a</run_address>
         <size>0x2c</size>
         <input_file_ref idref="fl-1b"/>
      </object_component>
      <object_component id="oc-932">
         <name>.text:abacus_sensors_magnetometer_setGain</name>
         <load_address>0xebc6</load_address>
         <run_address>0xebc6</run_address>
         <size>0x2a</size>
         <input_file_ref idref="fl-28"/>
      </object_component>
      <object_component id="oc-2f3">
         <name>.text:abacus_uart_enableInterrupt</name>
         <load_address>0xebf0</load_address>
         <run_address>0xebf0</run_address>
         <size>0x2a</size>
         <input_file_ref idref="fl-24"/>
      </object_component>
      <object_component id="oc-c30">
         <name>.text:eps_setOutput</name>
         <load_address>0xec1a</load_address>
         <run_address>0xec1a</run_address>
         <size>0x2a</size>
         <input_file_ref idref="fl-9"/>
      </object_component>
      <object_component id="oc-a18">
         <name>.text:radio_sendRawCommand</name>
         <load_address>0xec44</load_address>
         <run_address>0xec44</run_address>
         <size>0x2a</size>
         <input_file_ref idref="fl-5"/>
      </object_component>
      <object_component id="oc-535">
         <name>.text:radio_lockUntilAvailable</name>
         <load_address>0xec6e</load_address>
         <run_address>0xec6e</run_address>
         <size>0x28</size>
         <input_file_ref idref="fl-5"/>
      </object_component>
      <object_component id="oc-28a">
         <name>.text:abacus_millis_init</name>
         <load_address>0xec96</load_address>
         <run_address>0xec96</run_address>
         <size>0x26</size>
         <input_file_ref idref="fl-d"/>
      </object_component>
      <object_component id="oc-27e">
         <name>.text:loadPartialPermanentSettings</name>
         <load_address>0xecbc</load_address>
         <run_address>0xecbc</run_address>
         <size>0x26</size>
         <input_file_ref idref="fl-7"/>
      </object_component>
      <object_component id="oc-543">
         <name>.text:radio_setBeaconConfiguration</name>
         <load_address>0xece2</load_address>
         <run_address>0xece2</run_address>
         <size>0x26</size>
         <input_file_ref idref="fl-5"/>
      </object_component>
      <object_component id="oc-dd3">
         <name>.text:abacus_fpga_dataBusReserve</name>
         <load_address>0xed08</load_address>
         <run_address>0xed08</run_address>
         <size>0x24</size>
         <input_file_ref idref="fl-1c"/>
      </object_component>
      <object_component id="oc-40d">
         <name>.text:abacus_fpga_i2cReserve</name>
         <load_address>0xed2c</load_address>
         <run_address>0xed2c</run_address>
         <size>0x24</size>
         <input_file_ref idref="fl-1c"/>
      </object_component>
      <object_component id="oc-8b">
         <name>.text:decompress:ZI:__TI_zero_init</name>
         <load_address>0xed50</load_address>
         <run_address>0xed50</run_address>
         <size>0x24</size>
         <input_file_ref idref="fl-56"/>
      </object_component>
      <object_component id="oc-2cf">
         <name>.text:eps_init</name>
         <load_address>0xed74</load_address>
         <run_address>0xed74</run_address>
         <size>0x24</size>
         <input_file_ref idref="fl-9"/>
      </object_component>
      <object_component id="oc-4a5">
         <name>.text:abacus_sensors_magnetometer_init</name>
         <load_address>0xed98</load_address>
         <run_address>0xed98</run_address>
         <size>0x22</size>
         <input_file_ref idref="fl-28"/>
      </object_component>
      <object_component id="oc-5ab">
         <name>.text:calculate_crc16_8bit</name>
         <load_address>0xedba</load_address>
         <run_address>0xedba</run_address>
         <size>0x22</size>
         <input_file_ref idref="fl-1b"/>
      </object_component>
      <object_component id="oc-516">
         <name>.text:eps_resetWdt</name>
         <load_address>0xeddc</load_address>
         <run_address>0xeddc</run_address>
         <size>0x22</size>
         <input_file_ref idref="fl-9"/>
      </object_component>
      <object_component id="oc-353">
         <name>.text</name>
         <load_address>0xedfe</load_address>
         <run_address>0xedfe</run_address>
         <size>0x22</size>
         <input_file_ref idref="fl-77"/>
      </object_component>
      <object_component id="oc-ba2">
         <name>.text:abacus_uart_waitUntilTxFinished</name>
         <load_address>0xee20</load_address>
         <run_address>0xee20</run_address>
         <size>0x20</size>
         <input_file_ref idref="fl-24"/>
      </object_component>
      <object_component id="oc-1a2">
         <name>.text:bootFlightStatus</name>
         <load_address>0xee40</load_address>
         <run_address>0xee40</run_address>
         <size>0x20</size>
         <input_file_ref idref="fl-a"/>
      </object_component>
      <object_component id="oc-549">
         <name>.text:radio_setBeaconData</name>
         <load_address>0xee60</load_address>
         <run_address>0xee60</run_address>
         <size>0x20</size>
         <input_file_ref idref="fl-5"/>
      </object_component>
      <object_component id="oc-6cc">
         <name>.text:radio_txData</name>
         <load_address>0xee80</load_address>
         <run_address>0xee80</run_address>
         <size>0x20</size>
         <input_file_ref idref="fl-5"/>
      </object_component>
      <object_component id="oc-b18">
         <name>.text:radio_writeRawStruct</name>
         <load_address>0xeea0</load_address>
         <run_address>0xeea0</run_address>
         <size>0x20</size>
         <input_file_ref idref="fl-5"/>
      </object_component>
      <object_component id="oc-910">
         <name>.text:abacus_sensors_acc_power_on</name>
         <load_address>0xeec0</load_address>
         <run_address>0xeec0</run_address>
         <size>0x1e</size>
         <input_file_ref idref="fl-26"/>
      </object_component>
      <object_component id="oc-d4a">
         <name>.text:configuration_saveLastTimeOn</name>
         <load_address>0xeede</load_address>
         <run_address>0xeede</run_address>
         <size>0x1e</size>
         <input_file_ref idref="fl-7"/>
      </object_component>
      <object_component id="oc-93e">
         <name>.text:abacus_sensors_magnetometer_power_on</name>
         <load_address>0xeefc</load_address>
         <run_address>0xeefc</run_address>
         <size>0x1c</size>
         <input_file_ref idref="fl-28"/>
      </object_component>
      <object_component id="oc-1a8">
         <name>.text:checkDebugCommand</name>
         <load_address>0xef18</load_address>
         <run_address>0xef18</run_address>
         <size>0x1c</size>
         <input_file_ref idref="fl-8"/>
      </object_component>
      <object_component id="oc-407">
         <name>.text:abacus_fpga_i2cGetStatus</name>
         <load_address>0xef34</load_address>
         <run_address>0xef34</run_address>
         <size>0x18</size>
         <input_file_ref idref="fl-1c"/>
      </object_component>
      <object_component id="oc-53b">
         <name>.text:radio_setPowerAmp</name>
         <load_address>0xef4c</load_address>
         <run_address>0xef4c</run_address>
         <size>0x16</size>
         <input_file_ref idref="fl-5"/>
      </object_component>
      <object_component id="oc-e3e">
         <name>.text</name>
         <load_address>0xef62</load_address>
         <run_address>0xef62</run_address>
         <size>0x16</size>
         <input_file_ref idref="fl-5a"/>
      </object_component>
      <object_component id="oc-789">
         <name>.text</name>
         <load_address>0xef78</load_address>
         <run_address>0xef78</run_address>
         <size>0x16</size>
         <input_file_ref idref="fl-76"/>
      </object_component>
      <object_component id="oc-2a4">
         <name>.text:savePartialPermanentSettings</name>
         <load_address>0xef8e</load_address>
         <run_address>0xef8e</run_address>
         <size>0x16</size>
         <input_file_ref idref="fl-7"/>
      </object_component>
      <object_component id="oc-487">
         <name>.text:abacus_flashFPGA_init</name>
         <load_address>0xefa4</load_address>
         <run_address>0xefa4</run_address>
         <size>0x14</size>
         <input_file_ref idref="fl-25"/>
      </object_component>
      <object_component id="oc-284">
         <name>.text:configuration_saveNewReset</name>
         <load_address>0xefb8</load_address>
         <run_address>0xefb8</run_address>
         <size>0x14</size>
         <input_file_ref idref="fl-7"/>
      </object_component>
      <object_component id="oc-d00">
         <name>.text:flash_MCU_writeProtection</name>
         <load_address>0xefcc</load_address>
         <run_address>0xefcc</run_address>
         <size>0x14</size>
         <input_file_ref idref="fl-25"/>
      </object_component>
      <object_component id="oc-a3d">
         <name>.text:uart_count_caracters</name>
         <load_address>0xefe0</load_address>
         <run_address>0xefe0</run_address>
         <size>0x14</size>
         <input_file_ref idref="fl-24"/>
      </object_component>
      <object_component id="oc-44e">
         <name>.text:strcpy</name>
         <load_address>0xeff4</load_address>
         <run_address>0xeff4</run_address>
         <size>0x12</size>
         <input_file_ref idref="fl-7a"/>
      </object_component>
      <object_component id="oc-454">
         <name>.text:strlen</name>
         <load_address>0xf006</load_address>
         <run_address>0xf006</run_address>
         <size>0x12</size>
         <input_file_ref idref="fl-7b"/>
      </object_component>
      <object_component id="oc-631">
         <name>.text:abacus_sensors_temperatureTranslate</name>
         <load_address>0xf018</load_address>
         <run_address>0xf018</run_address>
         <size>0x10</size>
         <input_file_ref idref="fl-29"/>
      </object_component>
      <object_component id="oc-820">
         <name>.text:l_lsr</name>
         <load_address>0xf028</load_address>
         <run_address>0xf028</run_address>
         <size>0x10</size>
         <input_file_ref idref="fl-73"/>
      </object_component>
      <object_component id="oc-8b2">
         <name>.text:abacus_fpga_isOn</name>
         <load_address>0xf038</load_address>
         <run_address>0xf038</run_address>
         <size>0xe</size>
         <input_file_ref idref="fl-1c"/>
      </object_component>
      <object_component id="oc-2b4">
         <name>.text:abacus_RTC_internal_init</name>
         <load_address>0xf046</load_address>
         <run_address>0xf046</run_address>
         <size>0xc</size>
         <input_file_ref idref="fl-21"/>
      </object_component>
      <object_component id="oc-dd9">
         <name>.text:abacus_fpga_dataBusRelease</name>
         <load_address>0xf052</load_address>
         <run_address>0xf052</run_address>
         <size>0xc</size>
         <input_file_ref idref="fl-1c"/>
      </object_component>
      <object_component id="oc-e5b">
         <name>.text:abacus_fpga_dataBusSetHighZ</name>
         <load_address>0xf05e</load_address>
         <run_address>0xf05e</run_address>
         <size>0xc</size>
         <input_file_ref idref="fl-1c"/>
      </object_component>
      <object_component id="oc-e54">
         <name>.text:abacus_fpga_dataBusSetLowZ</name>
         <load_address>0xf06a</load_address>
         <run_address>0xf06a</run_address>
         <size>0xc</size>
         <input_file_ref idref="fl-1c"/>
      </object_component>
      <object_component id="oc-306">
         <name>.text:abacus_fpga_resetProgram</name>
         <load_address>0xf076</load_address>
         <run_address>0xf076</run_address>
         <size>0xc</size>
         <input_file_ref idref="fl-1c"/>
      </object_component>
      <object_component id="oc-493">
         <name>.text:abacus_sensors_temperature_init</name>
         <load_address>0xf082</load_address>
         <run_address>0xf082</run_address>
         <size>0xc</size>
         <input_file_ref idref="fl-29"/>
      </object_component>
      <object_component id="oc-b64">
         <name>.text:abacus_fpga_switchOff</name>
         <load_address>0xf08e</load_address>
         <run_address>0xf08e</run_address>
         <size>0xa</size>
         <input_file_ref idref="fl-1c"/>
      </object_component>
      <object_component id="oc-2fa">
         <name>.text:abacus_fpga_switchOn</name>
         <load_address>0xf098</load_address>
         <run_address>0xf098</run_address>
         <size>0xa</size>
         <input_file_ref idref="fl-1c"/>
      </object_component>
      <object_component id="oc-903">
         <name>.text:abacus_sensors_temperatureCPU_power_on</name>
         <load_address>0xf0a2</load_address>
         <run_address>0xf0a2</run_address>
         <size>0xa</size>
         <input_file_ref idref="fl-29"/>
      </object_component>
      <object_component id="oc-62b">
         <name>.text:abacus_sensors_temperatureCPU_read</name>
         <load_address>0xf0ac</load_address>
         <run_address>0xf0ac</run_address>
[...]
         <object_component_ref idref="oc-98f"/>
      </symbol>
      <symbol id="sm-ee0">
         <name>abacus_flash_write_instruction</name>
         <value>0xeabe</value>
         <object_component_ref idref="oc-d06"/>
      </symbol>
      <symbol id="sm-ee1">
         <name>abacus_flash_read_data</name>
         <value>0xde50</value>
         <object_component_ref idref="oc-7c3"/>
      </symbol>
      <symbol id="sm-ee2">
         <name>spi_chipSelect</name>
         <value>0xe296</value>
         <object_component_ref idref="oc-cf3"/>
      </symbol>
      <symbol id="sm-ee3">
         <name>abacus_flashMCU_init</name>
         <value>0xe76a</value>
         <object_component_ref idref="oc-481"/>
      </symbol>
      <symbol id="sm-ee4">
         <name>abacus_flash_wait_while_busy</name>
         <value>0xe6c2</value>
         <object_component_ref idref="oc-988"/>
      </symbol>
      <symbol id="sm-ee5">
         <name>flash_MCU_writeProtection</name>
         <value>0xefcc</value>
         <object_component_ref idref="oc-d00"/>
      </symbol>
      <symbol id="sm-ee6">
         <name>abacus_flash_crc</name>
         <value>0xd942</value>
         <object_component_ref idref="oc-aa0"/>
      </symbol>
      <symbol id="sm-ee7">
         <name>flash_prepareCommandAddress</name>
         <value>0xe878</value>
         <object_component_ref idref="oc-ced"/>
      </symbol>
      <symbol id="sm-ee8">
         <name>abacus_flash_write_read_instruction</name>
         <value>0xe6fa</value>
         <object_component_ref idref="oc-8fa"/>
      </symbol>
      <symbol id="sm-ee9">
         <name>abacus_flashFPGA_init</name>
         <value>0xefa4</value>
         <object_component_ref idref="oc-487"/>
      </symbol>
      <symbol id="sm-eea">
         <name>abacus_flash_write_data</name>
         <value>0xb7e4</value>
         <object_component_ref idref="oc-d52"/>
      </symbol>
      <symbol id="sm-eeb">
         <name>abacus_flash_sector_erase</name>
         <value>0xc9d0</value>
         <object_component_ref idref="oc-7d3"/>
      </symbol>
      <symbol id="sm-eec">
         <name>abacus_flash_bulk_erase</name>
         <value>0xdc96</value>
         <object_component_ref idref="oc-8a5"/>
      </symbol>
      <symbol id="sm-f08">
         <name>abacus_sensors_acc_power_on</name>
         <value>0xeec0</value>
         <object_component_ref idref="oc-910"/>
      </symbol>
      <symbol id="sm-f09">
         <name>abacus_sensors_acc_read</name>
         <value>0xcdf0</value>
         <object_component_ref idref="oc-da3"/>
      </symbol>
      <symbol id="sm-f0a">
         <name>abacus_sensors_acc_init</name>
         <value>0xf0e8</value>
         <object_component_ref idref="oc-499"/>
      </symbol>
      <symbol id="sm-f2a">
         <name>addressGyroscope_</name>
         <value>0x25fe</value>
      </symbol>
      <symbol id="sm-f2b">
         <name>abacus_sensors_gyro_power_on</name>
         <value>0xe0dc</value>
         <object_component_ref idref="oc-91f"/>
      </symbol>
      <symbol id="sm-f2c">
         <name>abacus_sensors_gyro_init</name>
         <value>0xb708</value>
         <object_component_ref idref="oc-49f"/>
      </symbol>
      <symbol id="sm-f2d">
         <name>abacus_sensors_gyro_read</name>
         <value>0xce6c</value>
         <object_component_ref idref="oc-652"/>
      </symbol>
      <symbol id="sm-f6d">
         <name>abacus_sensors_magnetometer_init</name>
         <value>0xed98</value>
         <object_component_ref idref="oc-4a5"/>
      </symbol>
      <symbol id="sm-f6e">
         <name>abacus_sensors_magnetometer_setMeasurementMode</name>
         <value>0xd612</value>
         <object_component_ref idref="oc-926"/>
      </symbol>
      <symbol id="sm-f6f">
         <name>abacus_sensors_magnetometer_setRate</name>
         <value>0xd468</value>
         <object_component_ref idref="oc-92c"/>
      </symbol>
      <symbol id="sm-f70">
         <name>abacus_sensors_magnetometer_power_on</name>
         <value>0xeefc</value>
         <object_component_ref idref="oc-93e"/>
      </symbol>
      <symbol id="sm-f71">
         <name>abacus_sensors_magnetometer_setGain</name>
         <value>0xebc6</value>
         <object_component_ref idref="oc-932"/>
      </symbol>
      <symbol id="sm-f72">
         <name>abacus_sensors_magnetometer_read</name>
         <value>0xcee8</value>
         <object_component_ref idref="oc-647"/>
      </symbol>
      <symbol id="sm-f73">
         <name>abacus_sensors_magnetometer_setSampleAveraging</name>
         <value>0xd53e</value>
         <object_component_ref idref="oc-938"/>
      </symbol>
      <symbol id="sm-fb0">
         <name>abacus_sensors_temperatureCPU_read</name>
         <value>0xf0ac</value>
         <object_component_ref idref="oc-62b"/>
      </symbol>
      <symbol id="sm-fb1">
         <name>abacus_sensors_temperatureCPU_power_on</name>
         <value>0xf0a2</value>
         <object_component_ref idref="oc-903"/>
      </symbol>
      <symbol id="sm-fb2">
         <name>abacus_sensors_temperatureFPGA_power_on</name>
         <value>0xf0b6</value>
         <object_component_ref idref="oc-909"/>
      </symbol>
      <symbol id="sm-fb3">
         <name>thermometerDS1775_powerOn</name>
         <value>0xddfa</value>
         <object_component_ref idref="oc-d30"/>
      </symbol>
      <symbol id="sm-fb4">
         <name>abacus_sensors_temperatureTranslate</name>
         <value>0xf018</value>
         <object_component_ref idref="oc-631"/>
      </symbol>
      <symbol id="sm-fb5">
         <name>thermometerDS1775_readTemperature</name>
         <value>0xdbde</value>
         <object_component_ref idref="oc-bd2"/>
      </symbol>
      <symbol id="sm-fb6">
         <name>abacus_sensors_temperature_init</name>
         <value>0xf082</value>
         <object_component_ref idref="oc-493"/>
      </symbol>
      <symbol id="sm-fb7">
         <name>abacus_sensors_temperatureFPGA_read</name>
         <value>0xf0c0</value>
         <object_component_ref idref="oc-63d"/>
      </symbol>
      <symbol id="sm-fc7">
         <name>_c_int00_noexit</name>
         <value>0x619a</value>
         <object_component_ref idref="oc-72"/>
      </symbol>
      <symbol id="sm-fc8">
         <name>_c_int00</name>
         <value>0x619a</value>
         <object_component_ref idref="oc-72"/>
      </symbol>
      <symbol id="sm-fc9">
         <name>_stack</name>
         <value>0x5b60</value>
         <object_component_ref idref="oc-97"/>
      </symbol>
      <symbol id="sm-fca">
         <name>_reset_vector</name>
         <value>0xfffe</value>
         <object_component_ref idref="oc-9a"/>
      </symbol>
      <symbol id="sm-fdf">
         <name>__TI_zero_init</name>
         <value>0xed50</value>
         <object_component_ref idref="oc-8b"/>
      </symbol>
      <symbol id="sm-fed">
         <name>__mspabi_remi</name>
         <value>0xeb6e</value>
         <object_component_ref idref="oc-d6b"/>
      </symbol>
      <symbol id="sm-fee">
         <name>__mspabi_divi</name>
         <value>0xeb6e</value>
         <object_component_ref idref="oc-d6b"/>
      </symbol>
      <symbol id="sm-ff8">
         <name>__mspabi_remu</name>
         <value>0xef62</value>
         <object_component_ref idref="oc-e3e"/>
      </symbol>
      <symbol id="sm-ff9">
         <name>__mspabi_divu</name>
         <value>0xef62</value>
         <object_component_ref idref="oc-e3e"/>
      </symbol>
      <symbol id="sm-1005">
         <name>__mspabi_remli</name>
         <value>0xe3e8</value>
         <object_component_ref idref="oc-66a"/>
      </symbol>
      <symbol id="sm-1006">
         <name>__mspabi_divli</name>
         <value>0xe3e8</value>
         <object_component_ref idref="oc-66a"/>
      </symbol>
      <symbol id="sm-1014">
         <name>__mspabi_remul</name>
         <value>0xdda2</value>
         <object_component_ref idref="oc-504"/>
      </symbol>
      <symbol id="sm-1015">
         <name>__mspabi_divul</name>
         <value>0xdda2</value>
         <object_component_ref idref="oc-504"/>
      </symbol>
      <symbol id="sm-1020">
         <name>C$$EXIT</name>
         <value>0xf0f6</value>
         <object_component_ref idref="oc-d0"/>
      </symbol>
      <symbol id="sm-1021">
         <name>abort</name>
         <value>0xf0f6</value>
         <object_component_ref idref="oc-d0"/>
      </symbol>
      <symbol id="sm-102f">
         <name>__mspabi_fltif</name>
         <value>0xe80c</value>
         <object_component_ref idref="oc-bd9"/>
      </symbol>
      <symbol id="sm-1047">
         <name>__mspabi_mpyf</name>
         <value>0xbfe8</value>
         <object_component_ref idref="oc-bde"/>
      </symbol>
      <symbol id="sm-1059">
         <name>__mspabi_fixfi</name>
         <value>0xd6e2</value>
         <object_component_ref idref="oc-637"/>
      </symbol>
      <symbol id="sm-105c">
         <name>__TI_int41</name>
         <value>0xffd2</value>
         <object_component_ref idref="oc-69"/>
      </symbol>
      <symbol id="sm-105f">
         <name>__TI_int43</name>
         <value>0xffd6</value>
         <object_component_ref idref="oc-6b"/>
      </symbol>
      <symbol id="sm-1062">
         <name>__TI_int45</name>
         <value>0xffda</value>
         <object_component_ref idref="oc-6d"/>
      </symbol>
      <symbol id="sm-1065">
         <name>__TI_int48</name>
         <value>0xffe0</value>
         <object_component_ref idref="oc-70"/>
      </symbol>
      <symbol id="sm-1068">
         <name>__TI_int50</name>
         <value>0xffe4</value>
         <object_component_ref idref="oc-78"/>
      </symbol>
      <symbol id="sm-106b">
         <name>__TI_int51</name>
         <value>0xffe6</value>
         <object_component_ref idref="oc-79"/>
      </symbol>
      <symbol id="sm-106e">
         <name>__TI_int53</name>
         <value>0xffea</value>
         <object_component_ref idref="oc-7b"/>
      </symbol>
      <symbol id="sm-1071">
         <name>__TI_int55</name>
         <value>0xffee</value>
         <object_component_ref idref="oc-7d"/>
      </symbol>
      <symbol id="sm-1074">
         <name>__TI_int56</name>
         <value>0xfff0</value>
         <object_component_ref idref="oc-7e"/>
      </symbol>
      <symbol id="sm-1077">
         <name>__TI_int58</name>
         <value>0xfff4</value>
         <object_component_ref idref="oc-80"/>
      </symbol>
      <symbol id="sm-107a">
         <name>__TI_int59</name>
         <value>0xfff6</value>
         <object_component_ref idref="oc-81"/>
      </symbol>
      <symbol id="sm-107d">
         <name>__TI_int61</name>
         <value>0xfffa</value>
         <object_component_ref idref="oc-83"/>
      </symbol>
      <symbol id="sm-1080">
         <name>__TI_int62</name>
         <value>0xfffc</value>
         <object_component_ref idref="oc-84"/>
      </symbol>
      <symbol id="sm-1088">
         <name>__TI_ISR_TRAP</name>
         <value>0xf0e2</value>
         <object_component_ref idref="oc-9b"/>
      </symbol>
      <symbol id="sm-1090">
         <name>__mspabi_slll_9</name>
         <value>0xe4bc</value>
         <object_component_ref idref="oc-d58"/>
      </symbol>
      <symbol id="sm-1091">
         <name>__mspabi_slll_8</name>
         <value>0xe4c0</value>
         <object_component_ref idref="oc-d58"/>
      </symbol>
      <symbol id="sm-1092">
         <name>__mspabi_slll_7</name>
         <value>0xe4c4</value>
         <object_component_ref idref="oc-d58"/>
      </symbol>
      <symbol id="sm-1093">
         <name>__mspabi_slll_6</name>
         <value>0xe4c8</value>
         <object_component_ref idref="oc-d58"/>
      </symbol>
      <symbol id="sm-1094">
         <name>__mspabi_slll_5</name>
         <value>0xe4cc</value>
         <object_component_ref idref="oc-d58"/>
      </symbol>
      <symbol id="sm-1095">
         <name>__mspabi_slll_4</name>
         <value>0xe4d0</value>
         <object_component_ref idref="oc-d58"/>
      </symbol>
      <symbol id="sm-1096">
         <name>__mspabi_slll_3</name>
         <value>0xe4d4</value>
         <object_component_ref idref="oc-d58"/>
      </symbol>
      <symbol id="sm-1097">
         <name>__mspabi_slll_2</name>
         <value>0xe4d8</value>
         <object_component_ref idref="oc-d58"/>
      </symbol>
      <symbol id="sm-1098">
         <name>__mspabi_slll_1</name>
         <value>0xe4dc</value>
         <object_component_ref idref="oc-d58"/>
      </symbol>
      <symbol id="sm-1099">
         <name>__mspabi_slll_15</name>
         <value>0xe4a4</value>
         <object_component_ref idref="oc-d58"/>
      </symbol>
      <symbol id="sm-109a">
         <name>__mspabi_slll_14</name>
         <value>0xe4a8</value>
         <object_component_ref idref="oc-d58"/>
      </symbol>
      <symbol id="sm-109b">
         <name>__mspabi_slll_13</name>
         <value>0xe4ac</value>
         <object_component_ref idref="oc-d58"/>
      </symbol>
      <symbol id="sm-109c">
         <name>__mspabi_slll_12</name>
         <value>0xe4b0</value>
         <object_component_ref idref="oc-d58"/>
      </symbol>
      <symbol id="sm-109d">
         <name>__mspabi_slll_11</name>
         <value>0xe4b4</value>
         <object_component_ref idref="oc-d58"/>
      </symbol>
      <symbol id="sm-109e">
         <name>__mspabi_slll_10</name>
         <value>0xe4b8</value>
         <object_component_ref idref="oc-d58"/>
      </symbol>
      <symbol id="sm-10ae">
         <name>__mspabi_srll_8</name>
         <value>0xe4fe</value>
         <object_component_ref idref="oc-99f"/>
      </symbol>
      <symbol id="sm-10af">
         <name>__mspabi_srll_9</name>
         <value>0xe4fa</value>
         <object_component_ref idref="oc-99f"/>
      </symbol>
      <symbol id="sm-10b0">
         <name>__mspabi_srll_6</name>
         <value>0xe506</value>
         <object_component_ref idref="oc-99f"/>
      </symbol>
      <symbol id="sm-10b1">
         <name>__mspabi_srll_7</name>
         <value>0xe502</value>
         <object_component_ref idref="oc-99f"/>
      </symbol>
      <symbol id="sm-10b2">
         <name>__mspabi_srll_4</name>
         <value>0xe50e</value>
         <object_component_ref idref="oc-99f"/>
      </symbol>
      <symbol id="sm-10b3">
         <name>__mspabi_srll_5</name>
         <value>0xe50a</value>
         <object_component_ref idref="oc-99f"/>
      </symbol>
      <symbol id="sm-10b4">
         <name>__mspabi_srll_2</name>
         <value>0xe516</value>
         <object_component_ref idref="oc-99f"/>
      </symbol>
      <symbol id="sm-10b5">
         <name>__mspabi_srll_3</name>
         <value>0xe512</value>
         <object_component_ref idref="oc-99f"/>
      </symbol>
      <symbol id="sm-10b6">
         <name>__mspabi_srll_1</name>
         <value>0xe51a</value>
         <object_component_ref idref="oc-99f"/>
      </symbol>
      <symbol id="sm-10b7">
         <name>__mspabi_srll_15</name>
         <value>0xe4e2</value>
         <object_component_ref idref="oc-99f"/>
      </symbol>
      <symbol id="sm-10b8">
         <name>__mspabi_srll_14</name>
         <value>0xe4e6</value>
         <object_component_ref idref="oc-99f"/>
      </symbol>
      <symbol id="sm-10b9">
         <name>__mspabi_srll_13</name>
         <value>0xe4ea</value>
         <object_component_ref idref="oc-99f"/>
      </symbol>
      <symbol id="sm-10ba">
         <name>__mspabi_srll_12</name>
         <value>0xe4ee</value>
         <object_component_ref idref="oc-99f"/>
      </symbol>
      <symbol id="sm-10bb">
         <name>__mspabi_srll_11</name>
         <value>0xe4f2</value>
         <object_component_ref idref="oc-99f"/>
      </symbol>
      <symbol id="sm-10bc">
         <name>__mspabi_srll_10</name>
         <value>0xe4f6</value>
         <object_component_ref idref="oc-99f"/>
      </symbol>
      <symbol id="sm-10bd">
         <name>__mspabi_srll</name>
         <value>0xf028</value>
         <object_component_ref idref="oc-820"/>
      </symbol>
      <symbol id="sm-10c7">
         <name>__mspabi_mpyi_f5hw</name>
         <value>0xef78</value>
         <object_component_ref idref="oc-789"/>
      </symbol>
      <symbol id="sm-10cf">
         <name>__mspabi_mpyl_f5hw</name>
         <value>0xedfe</value>
         <object_component_ref idref="oc-353"/>
      </symbol>
      <symbol id="sm-10d8">
         <name>_system_pre_init</name>
         <value>0xf0ee</value>
         <object_component_ref idref="oc-be"/>
      </symbol>
      <symbol id="sm-10e6">
         <name>strcpy</name>
         <value>0xeff4</value>
         <object_component_ref idref="oc-44e"/>
      </symbol>
      <symbol id="sm-10f3">
         <name>strlen</name>
         <value>0xf006</value>
         <object_component_ref idref="oc-454"/>
      </symbol>
      <symbol id="sm-10fe">
         <name>__mspabi_sral_15</name>
         <value>0xe466</value>
         <object_component_ref idref="oc-195"/>
      </symbol>
      <symbol id="sm-10ff">
         <name>__mspabi_sral_14</name>
         <value>0xe46a</value>
         <object_component_ref idref="oc-195"/>
      </symbol>
      <symbol id="sm-1100">
         <name>__mspabi_sral_13</name>
         <value>0xe46e</value>
         <object_component_ref idref="oc-195"/>
      </symbol>
      <symbol id="sm-1101">
         <name>__mspabi_sral_12</name>
         <value>0xe472</value>
         <object_component_ref idref="oc-195"/>
      </symbol>
      <symbol id="sm-1102">
         <name>__mspabi_sral_11</name>
         <value>0xe476</value>
         <object_component_ref idref="oc-195"/>
      </symbol>
      <symbol id="sm-1103">
         <name>__mspabi_sral_10</name>
         <value>0xe47a</value>
         <object_component_ref idref="oc-195"/>
      </symbol>
      <symbol id="sm-1104">
         <name>__mspabi_sral_8</name>
         <value>0xe482</value>
         <object_component_ref idref="oc-195"/>
      </symbol>
      <symbol id="sm-1105">
         <name>__mspabi_sral_9</name>
         <value>0xe47e</value>
         <object_component_ref idref="oc-195"/>
      </symbol>
      <symbol id="sm-1106">
         <name>__mspabi_sral_6</name>
         <value>0xe48a</value>
         <object_component_ref idref="oc-195"/>
      </symbol>
      <symbol id="sm-1107">
         <name>__mspabi_sral_7</name>
         <value>0xe486</value>
         <object_component_ref idref="oc-195"/>
      </symbol>
      <symbol id="sm-1108">
         <name>__mspabi_sral_4</name>
         <value>0xe492</value>
         <object_component_ref idref="oc-195"/>
      </symbol>
      <symbol id="sm-1109">
         <name>__mspabi_sral_5</name>
         <value>0xe48e</value>
         <object_component_ref idref="oc-195"/>
      </symbol>
      <symbol id="sm-110a">
         <name>__mspabi_sral_2</name>
         <value>0xe49a</value>
         <object_component_ref idref="oc-195"/>
      </symbol>
      <symbol id="sm-110b">
         <name>__mspabi_sral_3</name>
         <value>0xe496</value>
         <object_component_ref idref="oc-195"/>
      </symbol>
      <symbol id="sm-110c">
         <name>__mspabi_sral_1</name>
         <value>0xe49e</value>
         <object_component_ref idref="oc-195"/>
      </symbol>
      <symbol id="sm-1122">
         <name>_auto_init</name>
         <value>0xcd72</value>
         <object_component_ref idref="oc-c4"/>
      </symbol>
      <symbol id="sm-1126">
         <name>__TI_exit</name>
         <value>0x1</value>
      </symbol>
      <symbol id="sm-1127">
         <name>__TI_args_main</name>
         <value>0x1</value>
      </symbol>
      <symbol id="sm-1128">
         <name>__TI_INITARRAY_Base</name>
         <value>0x0</value>
      </symbol>
      <symbol id="sm-1129">
         <name>__TI_INITARRAY_Limit</name>
         <value>0x0</value>
      </symbol>
   </symbol_table>
   <title>Link successful</title>
</link_info>
