******************************************************************************
                  MSP430 Linker PC v20.2.5                     
******************************************************************************
>> Linked Sun Sep 26 07:59:56 2021

OUTPUT FILE NAME:   <ABCS_2021_v1.out>
ENTRY POINT SYMBOL: "_c_int00_noargs"  address: 000061e6


MEMORY CONFIGURATION

         name            origin    length      used     unused   attr    fill
----------------------  --------  ---------  --------  --------  ----  --------
  SFR                   00000000   00000010  00000000  00000010  RWIX
  PERIPHERALS_8BIT      00000010   000000f0  00000000  000000f0  RWIX
  PERIPHERALS_16BIT     00000100   00000100  00000000  00000100  RWIX
  INFOD                 00001800   00000080  00000000  00000080  RWIX
  INFOC                 00001880   00000080  00000000  00000080  RWIX
  INFOB                 00001900   00000080  00000000  00000080  RWIX
  INFOA                 00001980   00000080  00000000  00000080  RWIX
  RAM                   00001c00   00003d00  00000c1b  000030e5  RWIX
  RAM_CODE              00005900   00000300  000001c4  0000013c  RWIX
  FLASH                 00005c00   0000a080  0000077c  00009904  RWIX
  FLASH_RAM             0000fc80   00000300  000001c4  0000013c  RWIX
  INT00                 0000ff80   00000002  00000000  00000002  RWIX
  INT01                 0000ff82   00000002  00000000  00000002  RWIX
  INT02                 0000ff84   00000002  00000000  00000002  RWIX
  INT03                 0000ff86   00000002  00000000  00000002  RWIX
  INT04                 0000ff88   00000002  00000000  00000002  RWIX
  INT05                 0000ff8a   00000002  00000000  00000002  RWIX
  INT06                 0000ff8c   00000002  00000000  00000002  RWIX
  INT07                 0000ff8e   00000002  00000000  00000002  RWIX
  INT08                 0000ff90   00000002  00000000  00000002  RWIX
  INT09                 0000ff92   00000002  00000000  00000002  RWIX
  INT10                 0000ff94   00000002  00000000  00000002  RWIX
  INT11                 0000ff96   00000002  00000000  00000002  RWIX
  INT12                 0000ff98   00000002  00000000  00000002  RWIX
  INT13                 0000ff9a   00000002  00000000  00000002  RWIX
  INT14                 0000ff9c   00000002  00000000  00000002  RWIX
  INT15                 0000ff9e   00000002  00000000  00000002  RWIX
  INT16                 0000ffa0   00000002  00000000  00000002  RWIX
  INT17                 0000ffa2   00000002  00000000  00000002  RWIX
  INT18                 0000ffa4   00000002  00000000  00000002  RWIX
  INT19                 0000ffa6   00000002  00000000  00000002  RWIX
  INT20                 0000ffa8   00000002  00000000  00000002  RWIX
  INT21                 0000ffaa   00000002  00000000  00000002  RWIX
  INT22                 0000ffac   00000002  00000000  00000002  RWIX
  INT23                 0000ffae   00000002  00000000  00000002  RWIX
  INT24                 0000ffb0   00000002  00000000  00000002  RWIX
  INT25                 0000ffb2   00000002  00000000  00000002  RWIX
  INT26                 0000ffb4   00000002  00000000  00000002  RWIX
  INT27                 0000ffb6   00000002  00000000  00000002  RWIX
  INT28                 0000ffb8   00000002  00000000  00000002  RWIX
  INT29                 0000ffba   00000002  00000000  00000002  RWIX
  INT30                 0000ffbc   00000002  00000000  00000002  RWIX
  INT31                 0000ffbe   00000002  00000000  00000002  RWIX
  INT32                 0000ffc0   00000002  00000000  00000002  RWIX
  INT33                 0000ffc2   00000002  00000000  00000002  RWIX
  INT34                 0000ffc4   00000002  00000000  00000002  RWIX
  INT35                 0000ffc6   00000002  00000000  00000002  RWIX
  INT36                 0000ffc8   00000002  00000000  00000002  RWIX
  INT37                 0000ffca   00000002  00000000  00000002  RWIX
  INT38                 0000ffcc   00000002  00000000  00000002  RWIX
  INT39                 0000ffce   00000002  00000000  00000002  RWIX
  INT40                 0000ffd0   00000002  00000000  00000002  RWIX
  INT41                 0000ffd2   00000002  00000002  00000000  RWIX
  INT42                 0000ffd4   00000002  00000002  00000000  RWIX
  INT43                 0000ffd6   00000002  00000002  00000000  RWIX
  INT44                 0000ffd8   00000002  00000002  00000000  RWIX
  INT45                 0000ffda   00000002  00000002  00000000  RWIX
  INT46                 0000ffdc   00000002  00000002  00000000  RWIX
  INT47                 0000ffde   00000002  00000002  00000000  RWIX
  INT48                 0000ffe0   00000002  00000002  00000000  RWIX
  INT49                 0000ffe2   00000002  00000002  00000000  RWIX
  INT50                 0000ffe4   00000002  00000002  00000000  RWIX
  INT51                 0000ffe6   00000002  00000002  00000000  RWIX
  INT52                 0000ffe8   00000002  00000002  00000000  RWIX
  INT53                 0000ffea   00000002  00000002  00000000  RWIX
  INT54                 0000ffec   00000002  00000002  00000000  RWIX
  INT55                 0000ffee   00000002  00000002  00000000  RWIX
  INT56                 0000fff0   00000002  00000002  00000000  RWIX
  INT57                 0000fff2   00000002  00000002  00000000  RWIX
  INT58                 0000fff4   00000002  00000002  00000000  RWIX
  INT59                 0000fff6   00000002  00000002  00000000  RWIX
  INT60                 0000fff8   00000002  00000002  00000000  RWIX
  INT61                 0000fffa   00000002  00000002  00000000  RWIX
  INT62                 0000fffc   00000002  00000002  00000000  RWIX
  RESET                 0000fffe   00000002  00000002  00000000  RWIX
  FLASH2                00010000   0000ffff  00007e3c  000081c3  RWIX
  FLASH3                00020000   0000ffff  00000000  0000ffff  RWIX
  FLASH4                00030000   0000ffff  00000000  0000ffff  RWIX
  FLASH5                00040000   00005bff  00000000  00005bff  RWIX


SECTION ALLOCATION MAP

 output                                  attributes/
section   page    origin      length       input sections
--------  ----  ----------  ----------   ----------------
.bss       0    00001c00    000009df     UNINITIALIZED
                  00001c00    0000027c     (.common:radioLithium)
                  00001e7c    00000140     (.common:bufferMarie_)
                  00001fbc    000000dc     (.common:uart00)
                  00002098    000000dc     (.common:uart01)
                  00002174    000000dc     (.common:uart02)
                  00002250    000000dc     (.common:uart03)
                  0000232c    00000086     (.common:accelerationBuffer)
                  000023b2    00000066     (.common:satelliteConfiguration_)
                  00002418    00000064     (.common:satelliteStatus_)
                  0000247c    00000051     (.common:ramBackup_)
                  000024cd    00000001     (.common:abacusLPMStatus)
                  000024ce    00000050     (.common:parity_)
                  0000251e    00000044     (.common:satellite_memory)
                  00002562    0000001e     (.common:abacus_gpio_expander)
                  00002580    00000012     (.common:sleepTimer_)
                  00002592    0000000e     (.common:i2c00)
                  000025a0    0000000e     (.common:i2c01)
                  000025ae    0000000a     (.common:diagnosticFlags)
                  000025b8    00000008     (.common:abacus_gpio)
                  000025c0    00000006     (.common:memoryFlashMCU)
                  000025c6    00000004     (.common:MarieStatus_)
                  000025ca    00000004     (.common:timeSinceBoot_)
                  000025ce    00000004     (.common:triggerFPGAFunction)
                  000025d2    00000003     (.common:spi00)
                  000025d5    00000003     (.common:spi01)
                  000025d8    00000002     (.common:bufferMariePosition_)
                  000025da    00000001     (.common:addressGyroscope_)
                  000025db    00000001     (.common:bufferDebugPosition_)
                  000025dc    00000001     (.common:debugNewPacketArrived_)
                  000025dd    00000001     (.common:fpgaInterruptEnabled)
                  000025de    00000001     (.common:marieNewPacketArrived_)

.TI.persistent 
*          0    000026da    000000a0     
                  000026da    000000a0     configuration.obj (.TI.persistent:persistent_RAM)

.data      0    0000277a    00000002     UNINITIALIZED
                  0000277a    00000002     rts430x_lc_ld_eabi.lib : errno.c.obj (.data)

.stack     0    00005860    000000a0     UNINITIALIZED
                  00005860    00000004     rts430x_lc_ld_eabi.lib : boot.c.obj (.stack)
                  00005864    0000009c     --HOLE--

.text:_isr 
*          0    00005c00    0000060a     
                  00005c00    00000246     ABACUS_Libraries.lib : abacus_P2Interrupts.obj (.text:_isr:Port_2)
                  00005e46    0000009e                          : abacus_uart.obj (.text:_isr:USCI_A0_ISR)
                  00005ee4    0000009e                          : abacus_uart.obj (.text:_isr:USCI_A1_ISR)
                  00005f82    0000009e                          : abacus_uart.obj (.text:_isr:USCI_A2_ISR)
                  00006020    0000009e                          : abacus_uart.obj (.text:_isr:USCI_A3_ISR)
                  000060be    00000076                          : abacus_timer.obj (.text:_isr:TIMER1_A0_ISR)
                  00006134    00000062                          : abacus_fpga.obj (.text:_isr:Port_1)
                  00006196    00000028                          : abacus_timer.obj (.text:_isr:TIMER0_A0_ISR)
                  000061be    00000028                          : abacus_timer.obj (.text:_isr:TIMER0_B0_ISR)
                  000061e6    0000001c     rts430x_lc_ld_eabi.lib : boot.c.obj (.text:_isr:_c_int00_noargs)
                  00006202    00000008                            : isr_trap.asm.obj (.text:_isr:__TI_ISR_TRAP)

.cinit     0    00006354    00000028     
                  00006354    0000000c     (__TI_handler_table)
                  00006360    00000006     (.cinit..bss.load) [load image, compression = zero_init]
                  00006366    00000006     (.cinit..data.load) [load image, compression = lzss]
                  0000636c    00000010     (__TI_cinit_table)

.init_array 
*          0    00005c00    00000000     UNINITIALIZED

.text_bootloader 
*          0    0000620a    0000014a     
                  0000620a    0000007e     bootloader.obj (.text_bootloader:bootloaderStart)
                  00006288    0000007a     bootloader.obj (.text_bootloader:bootloaderTriggerRam)
                  00006302    00000052     main.obj (.text_bootloader:main)

.text_bootloaderRam 
*          0    0000fc80    000001c4     RUN ADDR = 00005900
                  0000fc80    0000016c     bootloader.obj (.text_bootloaderRam:bootloaderFlash)
                  0000fdec    00000058     bootloader.obj (.text_bootloaderRam:bootloaderUChar2ULong)

.text      0    00010000    00007ba2     
                  00010000    0000072a     rts430x_lc_ld_eabi.lib : addd.c.obj (.text:__mspabi_addd)
                  0001072a    00000458     ABACUS_Libraries.lib : abacus_gpio_exp.obj (.text:abacus_gpio_GPIOExpLoad)
                  00010b82    00000456     PersistentRam.obj (.text:scrubbing_bytes)
                  00010fd8    0000041e     configuration.obj (.text:satsystem_loadConfiguration)
                  000113f6    00000412     configuration.obj (.text:satsystem_saveConfiguration)
                  00011808    00000400     ABACUS_Libraries.lib : abacus_gpio.obj (.text:abacus_gpio_digitalMode)
                  00011c08    000002de     rts430x_lc_ld_eabi.lib : e_sqrt.c.obj (.text:sqrt)
                  00011ee6    000002d4     ABACUS_Libraries.lib : abacus_gpio.obj (.text:abacus_gpio_digitalWrite)
                  000121ba    00000298     rts430x_lc_ld_eabi.lib : mpyd.c.obj (.text:__mspabi_mpyd)
                  00012452    0000023c     satsystem_init.obj (.text:satsystem_init)
                  0001268e    0000021e     ABACUS_Libraries.lib : abacus_uart.obj (.text:abacus_uart_open)
                  000128ac    000001d0                          : abacus_i2c.obj (.text:abacus_i2c_requestFrom)
                  00012a7c    000001ca     memory.obj (.text:memory_mapFindAddresses)
                  00012c46    000001c4     rts430x_lc_ld_eabi.lib : s_floor.c.obj (.text:floor)
                  00012e0a    000001ac     ABACUS_Libraries.lib : abacus_rtc.obj (.text:abacus_convertFromUnixTime)
                  00012fb6    000001a0     abcs_status.obj (.text:report_status)
                  00013156    00000182     rts430x_lc_ld_eabi.lib : _printfi_min.c.obj (.text:_setfield)
                  000132d8    0000017c     selfDiag.obj (.text:sensorDiag)
                  00013454    00000168     ABACUS_Libraries.lib : abacus_flash.obj (.text:abacus_flash_write_dataEasy)
                  000135bc    00000164     rts430x_lc_ld_eabi.lib : frcmpyd.c.obj (.text:__TI_frcmpyd)
                  00013720    00000164     radio_lithium2.obj (.text:radio_interrupt_trigger)
                  00013884    0000015c     ABACUS_Libraries.lib : abacus_i2c.obj (.text:abacus_i2c_write)
                  000139e0    00000132     rts430x_lc_ld_eabi.lib : fs_add.asm.obj (.text)
                  00013b12    00000124     bootloader.obj (.text:memory_mcu_checkAreaIntegrity)
                  00013c36    0000011c     satsystem_init.obj (.text:init_mission_timer)
                  00013d52    00000104     ABACUS_Libraries.lib : abacus_gpio.obj (.text:abacus_gpio_init)
                  00013e56    00000104                          : abacus_gyroscope.obj (.text:abacus_sensors_gyro_init)
                  00013f5a    000000fe     configuration.obj (.text:satsystem_loadDefaultConfiguration)
                  00014058    000000f4     ABACUS_Libraries.lib : abacus_flash_mcu.obj (.text:abacus_flash_mcu_write_data)
                  0001414c    000000ee     Acceleration.obj (.text:getAbsAcceleration)
                  0001423a    000000ec     radio_lithium2.obj (.text:radio_init)
                  00014326    000000ea     bootloader.obj (.text:memory_mcu_checkProgramIntegrity)
                  00014410    000000e4     PersistentRam.obj (.text:Calc_DParity)
                  000144f4    000000e4     rts430x_lc_ld_eabi.lib : _printfi_min.c.obj (.text:__TI_printfi_minimal)
                  000145d8    000000e4     PersistentRam.obj (.text:scrub_recovery)
                  000146bc    000000da     rts430x_lc_ld_eabi.lib : _printfi_min.c.obj (.text:_pproc_diouxp)
                  00014796    000000da     ABACUS_Libraries.lib : abacus_flash.obj (.text:abacus_flash_write_data)
                  00014870    000000d8     rts430x_lc_ld_eabi.lib : cmpd.c.obj (.text:__mspabi_cmpd)
                  00014948    000000d2     ABACUS_Libraries.lib : abacus_uart.obj (.text:uart_RX_next_byte)
                  00014a1a    000000d0     memory.obj (.text:memory_sensors_init)
                  00014aea    000000cc     ABACUS_Libraries.lib : abacus_flash_mcu.obj (.text:abacus_flash_mcu_erase)
                  00014bb6    000000cc     memory.obj (.text:memory_event_init)
                  00014c82    000000cc     memory.obj (.text:memory_marie_init)
                  00014d4e    000000ca     radio_lithium2.obj (.text:radio_sendCommand)
                  00014e18    000000c6     Acceleration.obj (.text:getMeanAcceleration)
                  00014ede    000000c0     ABACUS_Libraries.lib : abacus_i2c.obj (.text:i2c_begin_transmission)
                  00014f9e    000000be                          : abacus_uart.obj (.text:uart_write)
                  0001505c    000000b8     rts430x_lc_ld_eabi.lib : fs_mpy.asm.obj (.text)
                  00015114    000000b6     PersistentRam.obj (.text:scrubbing_parity_generation)
                  000151ca    000000ae     ABACUS_Libraries.lib : abacus_gpio_exp.obj (.text:maskIoExpanderPort)
                  00015278    000000a2     selfDiag.obj (.text:checkGyroscopeId)
                  0001531a    0000009a     debug.obj (.text:debugExternalInterrupt)
                  000153b4    00000098     ABACUS_Libraries.lib : abacus_spi.obj (.text:abacus_spi_write_read)
                  0001544c    00000098     selfDiag.obj (.text:checkMagnetometerId)
                  000154e4    0000008c     ABACUS_Libraries.lib : abacus_flash.obj (.text:abacus_flash_sector_erase)
                  00015570    0000008a                          : abacus_timer.obj (.text:abacus_millis)
                  000155fa    0000008a     selfDiag.obj (.text:checkAccelerometerId)
                  00015684    0000008a     memory.obj (.text:memory_init)
                  0001570e    00000088     ABACUS_Libraries.lib : abacus_accelerometer.obj (.text:abacus_sensors_acc_read)
                  00015796    00000088                          : abacus_uart.obj (.text:abacus_uart_print_uint8_hex)
                  0001581e    00000086     selfDiag.obj (.text:checkRtcId)
                  000158a4    00000086     selfDiag.obj (.text:checkTempCpuId)
                  0001592a    00000086     selfDiag.obj (.text:checkTempFpgaId)
                  000159b0    00000086     Scrubbing.obj (.text:scrubbingRoutine)
                  00015a36    00000084     ABACUS_Libraries.lib : abacus_i2c.obj (.text:i2c_write_firstbyte)
                  00015aba    00000084                          : abacus_uart.obj (.text:uart_safe_tx_byte)
                  00015b3e    00000082                          : abacus_uart.obj (.text:abacus_uart_init)
                  00015bc0    00000080     memory.obj (.text:memory_writeConf)
                  00015c40    0000007e     ABACUS_Libraries.lib : abacus_magnetometer.obj (.text:abacus_sensors_magnetometer_setRate)
                  00015cbe    0000007e     rts430x_lc_ld_eabi.lib : fs_tol.asm.obj (.text)
                  00015d3c    0000007c     ABACUS_Libraries.lib : abacus_magnetometer.obj (.text:abacus_sensors_magnetometer_setSampleAveraging)
                  00015db8    0000007a                          : abacus_magnetometer.obj (.text:abacus_sensors_magnetometer_setMeasurementMode)
                  00015e32    00000076     rts430x_lc_ld_eabi.lib : copy_decompress_lzss.c.obj (.text:decompress:lzss:__TI_decompress_lzss)
                  00015ea8    00000074     PersistentRam.obj (.text:backupInPersistentRam)
                  00015f1c    00000074     PersistentRam.obj (.text:restoreFromPersistentRam)
                  00015f90    00000072     ABACUS_Libraries.lib : abacus_spi.obj (.text:abacus_spi_init)
                  00016002    00000070     PersistentRam.obj (.text:Calc_HParity)
                  00016072    0000006e     ABACUS_Libraries.lib : abacus_rtc_internal.obj (.text:abacus_RTC_internal_setUnixTime)
                  000160e0    0000006e                          : abacus_gpio_exp.obj (.text:abacus_gpio_GPIOExpDigitalMode)
                  0001614e    0000006c                          : abacus_gpio_exp.obj (.text:abacus_gpio_GPIOExpDigitalWrite)
                  000161ba    0000006c     Acceleration.obj (.text:addAcceleration)
                  00016226    0000006a     ABACUS_Libraries.lib : abacus_i2c.obj (.text:abacus_i2c_init)
                  00016290    0000006a                          : abacus_uart.obj (.text:abacus_uart_print_ulong)
                  000162fa    0000006a                          : abacus_uart.obj (.text:abacus_uart_write)
                  00016364    0000006a                          : abacus_temperature.obj (.text:thermometerDS1775_powerOn)
                  000163ce    00000066     rts430x_lc_ld_eabi.lib : fixdli.c.obj (.text:__mspabi_fixdli)
                  00016434    00000066     ABACUS_Libraries.lib : abacus_flash_mcu.obj (.text:abacus_flash_mcu_checkValidAddress)
                  0001649a    00000064     rts430x_lc_ld_eabi.lib : cvtfd.c.obj (.text:__mspabi_cvtfd)
                  000164fe    00000064     ABACUS_Libraries.lib : abacus.obj (.text:abacus_init_clock)
                  00016562    00000060                          : abacus_gyroscope.obj (.text:abacus_sensors_gyro_power_off)
                  000165c2    00000060                          : abacus_gyroscope.obj (.text:abacus_sensors_gyro_power_on)
                  00016622    0000005e     rts430x_lc_ld_eabi.lib : autoinit.c.obj (.text:__TI_auto_init_nobinit_nopinit:__TI_auto_init_nobinit_nopinit)
                  00016680    0000005e     selfDiag.obj (.text:majorityDecisionByte)
                  000166de    0000005e     marie.obj (.text:marieDataRx)
                  0001673c    0000005e     radio_lithium2.obj (.text:radio_calculateChecksums)
                  0001679a    0000005e     ABACUS_Libraries.lib : abacus_temperature.obj (.text:thermometerDS1775_powerOff)
                  000167f8    0000005c     rts430x_lc_ld_eabi.lib : mult64_f5hw.asm.obj (.text:__mpyll)
                  00016854    0000005c     ABACUS_Libraries.lib : abacus.obj (.text:abacus_enter_LPM)
                  000168b0    0000005a                          : abacus_gpio_exp.obj (.text:portBitMap)
                  0001690a    00000058                          : abacus_uart.obj (.text:bufferSize)
                  00016962    00000058     rts430x_lc_ld_eabi.lib : div32u.asm.obj (.text)
                  000169ba    00000056     bootloader.obj (.text:memory_mcu_checkAlternativeProgramsIntegrity)
                  00016a10    00000054     ABACUS_Libraries.lib : abacus_flash.obj (.text:abacus_flash_read_data)
                  00016a64    00000052                          : abacus_flash_mcu.obj (.text:abacus_flash_mcu_crc)
                  00016ab6    00000050     radio_lithium2.obj (.text:radio_readAckNack)
                  00016b06    0000004e     ABACUS_Libraries.lib : abacus_uart.obj (.text:abacus_uart_print_uint)
                  00016b54    0000004e     selfDiag.obj (.text:checkFlashMemoryId)
                  00016ba2    0000004c     ABACUS_Libraries.lib : abacus.obj (.text:abacus_init)
                  00016bee    0000004c     PersistentRam.obj (.text:find_position)
                  00016c3a    0000004a     satsystem_init.obj (.text:init_registers)
                  00016c84    0000004a     rts430x_lc_ld_eabi.lib : fs_ltof.asm.obj (.text)
                  00016cce    00000048                            : _printfi_min.c.obj (.text:_pproc_str)
                  00016d16    00000048     ABACUS_Libraries.lib : abacus_flash.obj (.text:spi_chipSelect)
                  00016d5e    00000046                          : abacus_timer.obj (.text:abacus_sleep_msec)
                  00016da4    00000044                          : abacus_flash_mcu.obj (.text:abacus_flash_mcu_read_data)
                  00016de8    00000044                          : abacus_uart.obj (.text:abacus_uart_available)
                  00016e2c    00000044     PersistentRam.obj (.text:count_errors)
                  00016e70    00000044     rts430x_lc_ld_eabi.lib : sprintf.c.obj (.text:sprintf)
                  00016eb4    00000042     Acceleration.obj (.text:isSatelliteInSpace)
                  00016ef6    00000040     rts430x_lc_ld_eabi.lib : asr64.c.obj (.text:__mspabi_srall)
                  00016f36    00000040                            : div32s.asm.obj (.text)
                  00016f76    0000003e     ABACUS_Libraries.lib : abacus_uart.obj (.text:abacus_uart_open_function)
                  00016fb4    0000003e     rts430x_lc_ld_eabi.lib : asr32.asm.obj (.text:l_asr_const)
                  00016ff2    0000003e                            : lsl32.asm.obj (.text:l_lsl_const)
                  00017030    0000003e                            : lsr32.asm.obj (.text:l_lsr_const)
                  0001706e    0000003c     PersistentRam.obj (.text:Calc_VParity)
                  000170aa    0000003c     ABACUS_Libraries.lib : abacus_i2c.obj (.text:abacus_i2c_readRegister)
                  000170e6    0000003c                          : abacus_uart.obj (.text:abacus_uart_read)
                  00017122    0000003c     rts430x_lc_ld_eabi.lib : memcpy.c.obj (.text:memcpy)
                  0001715e    0000003c     PersistentRam.obj (.text:toggle_bit)
                  0001719a    0000003c     ABACUS_Libraries.lib : abacus_uart.obj (.text:uart_read_byte)
                  000171d6    0000003a     rts430x_lc_ld_eabi.lib : lsl64.c.obj (.text:__mspabi_sllll)
                  00017210    0000003a                            : lsr64.c.obj (.text:__mspabi_srlll)
                  0001724a    0000003a     ABACUS_Libraries.lib : abacus_utils.obj (.text:char2ulong)
                  00017284    00000038                          : abacus_flash.obj (.text:abacus_flash_wait_while_busy)
                  000172bc    00000038                          : abacus_flash.obj (.text:abacus_flash_write_read_instruction)
                  000172f4    00000038     PersistentRam.obj (.text:initialize)
                  0001732c    00000036     ABACUS_Libraries.lib : abacus_flash.obj (.text:abacus_flashMCU_init)
                  00017362    00000036                          : abacus_flash_mcu.obj (.text:abacus_flash_mcu_isBankAAddress)
                  00017398    00000036     memory.obj (.text:memory_readConf)
                  000173ce    00000036     rts430x_lc_ld_eabi.lib : fs_itof.asm.obj (.text)
                  00017404    00000036     ABACUS_Libraries.lib : abacus_utils.obj (.text:ulong2char)
                  0001743a    00000034                          : abacus_timer.obj (.text:abacus_millis_init)
                  0001746e    00000034                          : abacus_magnetometer.obj (.text:abacus_sensors_magnetometer_setGain)
                  000174a2    00000034                          : abacus_flash.obj (.text:flash_prepareCommandAddress)
                  000174d6    00000034     configuration.obj (.text:loadPartialPermanentSettings)
                  0001750a    00000034     rts430x_lc_ld_eabi.lib : memccpy.c.obj (.text:memccpy)
                  0001753e    00000030     ABACUS_Libraries.lib : abacus_utils.obj (.text:char2int)
                  0001756e    00000030                          : abacus_utils.obj (.text:char2uint)
                  0001759e    0000002c     rts430x_lc_ld_eabi.lib : mult3264_f5hw.asm.obj (.text:__mpyull)
                  000175ca    0000002c     ABACUS_Libraries.lib : abacus_flash.obj (.text:abacus_flash_isWorkInProgress)
                  000175f6    0000002c                          : abacus_flash.obj (.text:abacus_flash_write_instruction)
                  00017622    0000002c                          : abacus_spi.obj (.text:abacus_spi_write_instruction)
                  0001764e    0000002c     rts430x_lc_ld_eabi.lib : div16s.asm.obj (.text)
                  0001767a    0000002c     ABACUS_Libraries.lib : abacus_utils.obj (.text:uint2char)
                  000176a6    0000002a                          : abacus_uart.obj (.text:abacus_uart_disableInterrupt)
                  000176d0    0000002a                          : abacus_uart.obj (.text:abacus_uart_enableInterrupt)
                  000176fa    00000028     rts430x_lc_ld_eabi.lib : sprintf.c.obj (.text:_outs)
                  00017722    00000028     ABACUS_Libraries.lib : abacus_accelerometer.obj (.text:abacus_sensors_acc_power_off)
                  0001774a    00000028                          : abacus_accelerometer.obj (.text:abacus_sensors_acc_power_on)
                  00017772    00000028                          : abacus_magnetometer.obj (.text:abacus_sensors_magnetometer_power_off)
                  0001779a    00000028     radio_lithium2.obj (.text:radio_lockUntilAvailable)
                  000177c2    00000028     radio_lithium2.obj (.text:radio_sendRawCommand)
                  000177ea    00000026     ABACUS_Libraries.lib : abacus_magnetometer.obj (.text:abacus_sensors_magnetometer_power_on)
                  00017810    00000024                          : abacus_fpga.obj (.text:abacus_fpga_i2cReserve)
                  00017834    00000024     rts430x_lc_ld_eabi.lib : copy_zero_init.c.obj (.text:decompress:ZI:__TI_zero_init)
                  00017858    00000024                            : mult32_f5hw.asm.obj (.text)
                  0001787c    00000022     ABACUS_Libraries.lib : abacus_magnetometer.obj (.text:abacus_sensors_magnetometer_init)
                  0001789e    00000022                          : abacus_utils.obj (.text:calculate_crc16_8bit)
                  000178c0    00000022     radio_lithium2.obj (.text:radio_setBeaconConfiguration)
                  000178e2    00000022     configuration.obj (.text:savePartialPermanentSettings)
                  00017904    00000020     rts430x_lc_ld_eabi.lib : memset.c.obj (.text:memset)
                  00017924    0000001e     configuration.obj (.text:configuration_saveLastTimeOn)
                  00017942    0000001e     radio_lithium2.obj (.text:radio_setBeaconData)
                  00017960    0000001c     Acceleration.obj (.text:setAbsAcceleration)
                  0001797c    00000018     ABACUS_Libraries.lib : abacus_fpga.obj (.text:abacus_fpga_i2cGetStatus)
                  00017994    00000018     Acceleration.obj (.text:checkAccelerationAtStartTime)
                  000179ac    00000018     rts430x_lc_ld_eabi.lib : mult16_f5hw.asm.obj (.text)
                  000179c4    00000016     ABACUS_Libraries.lib : abacus_uart.obj (.text:abacus_uart_print)
                  000179da    00000016     rts430x_lc_ld_eabi.lib : copy_decompress_none.c.obj (.text:decompress:none:__TI_decompress_none)
                  000179f0    00000016     marie.obj (.text:init_Marie)
                  00017a06    00000016     selfDiag.obj (.text:memoryDiag)
                  00017a1c    00000016     radio_lithium2.obj (.text:radio_setPowerAmp)
                  00017a32    00000016     rts430x_lc_ld_eabi.lib : div16u.asm.obj (.text)
                  00017a48    00000014                            : sprintf.c.obj (.text:_outc)
                  00017a5c    00000014     ABACUS_Libraries.lib : abacus_flash.obj (.text:abacus_flashFPGA_init)
                  00017a70    00000014     configuration.obj (.text:configuration_saveNewReset)
                  00017a84    00000014     ABACUS_Libraries.lib : abacus_flash.obj (.text:flash_MCU_writeProtection)
                  00017a98    00000014                          : abacus_uart.obj (.text:uart_count_caracters)
                  00017aac    00000012     rts430x_lc_ld_eabi.lib : strcpy.c.obj (.text:strcpy)
                  00017abe    00000012                            : strlen.c.obj (.text:strlen)
                  00017ad0    00000010                            : asr32.asm.obj (.text:l_asr)
                  00017ae0    00000010                            : lsl32.asm.obj (.text:l_lsl)
                  00017af0    00000010                            : lsr32.asm.obj (.text:l_lsr)
                  00017b00    0000000e     ABACUS_Libraries.lib : abacus_fpga.obj (.text:abacus_fpga_isOn)
                  00017b0e    0000000c                          : abacus_rtc_internal.obj (.text:abacus_RTC_internal_init)
                  00017b1a    0000000c                          : abacus_fpga.obj (.text:abacus_fpga_resetProgram)
                  00017b26    0000000c                          : abacus_temperature.obj (.text:abacus_sensors_temperature_init)
                  00017b32    0000000c     selfDiag.obj (.text:selfDiagInit)
                  00017b3e    0000000a     ABACUS_Libraries.lib : abacus_fpga.obj (.text:abacus_fpga_switchOn)
                  00017b48    0000000a                          : abacus_temperature.obj (.text:abacus_sensors_temperatureCPU_power_off)
                  00017b52    0000000a                          : abacus_temperature.obj (.text:abacus_sensors_temperatureCPU_power_on)
                  00017b5c    0000000a                          : abacus_temperature.obj (.text:abacus_sensors_temperatureFPGA_power_off)
                  00017b66    0000000a                          : abacus_temperature.obj (.text:abacus_sensors_temperatureFPGA_power_on)
                  00017b70    0000000a     rts430x_lc_ld_eabi.lib : lsl16.asm.obj (.text)
                  00017b7a    00000008     ABACUS_Libraries.lib : abacus_fpga.obj (.text:abacus_fpga_i2cRelease)
                  00017b82    00000008     radio_lithium2.obj (.text:radio_available)
                  00017b8a    00000006     rts430x_lc_ld_eabi.lib : exit.c.obj (.text:abort)
                  00017b90    00000006     abcs_status.obj (.text:bootFlightStatus)
                  00017b96    00000004     rts430x_lc_ld_eabi.lib : pre_init.c.obj (.text:_system_pre_init)
                  00017b9a    00000004     ABACUS_Libraries.lib : abacus_rtc.obj (.text:abacus_RTC_init)
                  00017b9e    00000002     rts430x_lc_ld_eabi.lib : startup.c.obj (.text:_system_post_cinit)
                  00017ba0    00000002     marie.obj (.text:initMarieStatus)

.const     0    00017ba2    0000029a     
                  00017ba2    000001e8     abcs_status.obj (.const:.string)
                  00017d8a    00000088     configuration.obj (.const:.string)
                  00017e12    00000014     rts430x_lc_ld_eabi.lib : _printfi_min.c.obj (.const:.string)
                  00017e26    0000000c     ABACUS_Libraries.lib : abacus_rtc.obj (.const:.string:monthDays)
                  00017e32    0000000a                          : abacus_uart.obj (.const:.string)

.TI.noinit 
*          0    000025e0    000000fa     UNINITIALIZED
                  000025e0    000000fa     debug.obj (.TI.noinit:bufferDebug_)

RTC        0    0000ffd2    00000002     
                  0000ffd2    00000002     rts430x_lc_ld_eabi.lib : int41.asm.obj (.int41)

PORT2      0    0000ffd4    00000002     
                  0000ffd4    00000002     ABACUS_Libraries.lib : abacus_P2Interrupts.obj (.int42)

USCI_B3    0    0000ffd6    00000002     
                  0000ffd6    00000002     rts430x_lc_ld_eabi.lib : int43.asm.obj (.int43)

USCI_A3    0    0000ffd8    00000002     
                  0000ffd8    00000002     ABACUS_Libraries.lib : abacus_uart.obj (.int44)

USCI_B1    0    0000ffda    00000002     
                  0000ffda    00000002     rts430x_lc_ld_eabi.lib : int45.asm.obj (.int45)

USCI_A1    0    0000ffdc    00000002     
                  0000ffdc    00000002     ABACUS_Libraries.lib : abacus_uart.obj (.int46)

PORT1      0    0000ffde    00000002     
                  0000ffde    00000002     ABACUS_Libraries.lib : abacus_fpga.obj (.int47)

TIMER1_A1 
*          0    0000ffe0    00000002     
                  0000ffe0    00000002     rts430x_lc_ld_eabi.lib : int48.asm.obj (.int48)

TIMER1_A0 
*          0    0000ffe2    00000002     
                  0000ffe2    00000002     ABACUS_Libraries.lib : abacus_timer.obj (.int49)

DMA        0    0000ffe4    00000002     
                  0000ffe4    00000002     rts430x_lc_ld_eabi.lib : int50.asm.obj (.int50)

USCI_B2    0    0000ffe6    00000002     
                  0000ffe6    00000002     rts430x_lc_ld_eabi.lib : int51.asm.obj (.int51)

USCI_A2    0    0000ffe8    00000002     
                  0000ffe8    00000002     ABACUS_Libraries.lib : abacus_uart.obj (.int52)

TIMER0_A1 
*          0    0000ffea    00000002     
                  0000ffea    00000002     rts430x_lc_ld_eabi.lib : int53.asm.obj (.int53)

TIMER0_A0 
*          0    0000ffec    00000002     
                  0000ffec    00000002     ABACUS_Libraries.lib : abacus_timer.obj (.int54)

ADC12      0    0000ffee    00000002     
                  0000ffee    00000002     rts430x_lc_ld_eabi.lib : int55.asm.obj (.int55)

USCI_B0    0    0000fff0    00000002     
                  0000fff0    00000002     rts430x_lc_ld_eabi.lib : int56.asm.obj (.int56)

USCI_A0    0    0000fff2    00000002     
                  0000fff2    00000002     ABACUS_Libraries.lib : abacus_uart.obj (.int57)

WDT        0    0000fff4    00000002     
                  0000fff4    00000002     rts430x_lc_ld_eabi.lib : int58.asm.obj (.int58)

TIMER0_B1 
*          0    0000fff6    00000002     
                  0000fff6    00000002     rts430x_lc_ld_eabi.lib : int59.asm.obj (.int59)

TIMER0_B0 
*          0    0000fff8    00000002     
                  0000fff8    00000002     ABACUS_Libraries.lib : abacus_timer.obj (.int60)

UNMI       0    0000fffa    00000002     
                  0000fffa    00000002     rts430x_lc_ld_eabi.lib : int61.asm.obj (.int61)

SYSNMI     0    0000fffc    00000002     
                  0000fffc    00000002     rts430x_lc_ld_eabi.lib : int62.asm.obj (.int62)

.reset     0    0000fffe    00000002     
                  0000fffe    00000002     rts430x_lc_ld_eabi.lib : boot.c.obj (.reset)

MODULE SUMMARY

       Module                       code    ro data   rw data
       ------                       ----    -------   -------
    .\
       main.obj                     82      0         148    
    +--+----------------------------+-------+---------+---------+
       Total:                       82      0         148    
                                                             
    .\SatelliteAcceleration\
       Acceleration.obj             662     0         0      
    +--+----------------------------+-------+---------+---------+
       Total:                       662     0         0      
                                                             
    .\Scrubbing\
       Scrubbing.obj                134     0         0      
    +--+----------------------------+-------+---------+---------+
       Total:                       134     0         0      
                                                             
    .\Scrubbing\BackupRom\
       BackupRom.obj                0       0         161    
    +--+----------------------------+-------+---------+---------+
       Total:                       0       0         161    
                                                             
    .\Scrubbing\PersistentRam\
       PersistentRam.obj            2412    0         0      
    +--+----------------------------+-------+---------+---------+
       Total:                       2412    0         0      
                                                             
    .\SelfDiag\
       selfDiag.obj                 1440    0         0      
    +--+----------------------------+-------+---------+---------+
       Total:                       1440    0         0      
                                                             
    .\bootloader\
       bootloader.obj               1764    0         0      
    +--+----------------------------+-------+---------+---------+
       Total:                       1764    0         0      
                                                             
    .\communications\
       radio_lithium2.obj           1142    0         636    
    +--+----------------------------+-------+---------+---------+
       Total:                       1142    0         636    
                                                             
    .\memory\
       memory.obj                   1394    0         68     
    +--+----------------------------+-------+---------+---------+
       Total:                       1394    0         68     
                                                             
    .\payload\
       marie.obj                    118     0         323    
    +--+----------------------------+-------+---------+---------+
       Total:                       118     0         323    
                                                             
    .\satellite\
       configuration.obj            2486    136       160    
       satsystem_init.obj           930     0         202    
       abcs_status.obj              422     488       0      
       debug.obj                    154     0         252    
    +--+----------------------------+-------+---------+---------+
       Total:                       3992    624       614    
                                                             
    C:/Users/Manuel-desktop/Downloads/210504_ABACUS_Libraries_ABCS_2021_v1/ABACUS_Libraries/Debug/ABACUS_Libraries.lib
       abacus_uart.obj              2726    18        880    
       abacus_gpio.obj              2008    0         8      
       abacus_gpio_exp.obj          1594    0         30     
       abacus_i2c.obj               1302    0         28     
       abacus_flash.obj             1220    0         6      
       abacus_flash_mcu.obj         754     0         0      
       abacus_P2Interrupts.obj      582     2         0      
       abacus_magnetometer.obj      536     0         0      
       abacus_timer.obj             458     6         22     
       abacus_gyroscope.obj         452     0         1      
       abacus_rtc.obj               432     12        0      
       abacus_spi.obj               310     0         6      
       abacus_utils.obj             286     0         0      
       abacus.obj                   268     0         1      
       abacus_temperature.obj       252     0         0      
       abacus_accelerometer.obj     216     0         0      
       abacus_fpga.obj              202     2         5      
       abacus_rtc_internal.obj      122     0         0      
    +--+----------------------------+-------+---------+---------+
       Total:                       13720   40        987    
                                                             
    C:\ti\ccs1040\ccs\tools\compiler\ti-cgt-msp430_20.2.5.LTS\lib\rts430x_lc_ld_eabi.lib
       addd.c.obj                   1834    0         0      
       _printfi_min.c.obj           904     20        0      
       e_sqrt.c.obj                 734     0         0      
       mpyd.c.obj                   664     0         0      
       s_floor.c.obj                452     0         0      
       frcmpyd.c.obj                356     0         0      
       fs_add.asm.obj               306     0         0      
       cmpd.c.obj                   216     0         0      
       fs_mpy.asm.obj               184     0         0      
       sprintf.c.obj                128     0         0      
       fs_tol.asm.obj               126     0         0      
       copy_decompress_lzss.c.obj   118     0         0      
       fixdli.c.obj                 102     0         0      
       cvtfd.c.obj                  100     0         0      
       autoinit.c.obj               94      0         0      
       mult64_f5hw.asm.obj          92      0         0      
       div32u.asm.obj               88      0         0      
       asr32.asm.obj                78      0         0      
       lsl32.asm.obj                78      0         0      
       lsr32.asm.obj                78      0         0      
       fs_ltof.asm.obj              74      0         0      
       asr64.c.obj                  64      0         0      
       div32s.asm.obj               64      0         0      
       memcpy.c.obj                 60      0         0      
       lsl64.c.obj                  58      0         0      
       lsr64.c.obj                  58      0         0      
       fs_itof.asm.obj              54      0         0      
       memccpy.c.obj                52      0         0      
       div16s.asm.obj               44      0         0      
       mult3264_f5hw.asm.obj        44      0         0      
       copy_zero_init.c.obj         36      0         0      
       mult32_f5hw.asm.obj          36      0         0      
       memset.c.obj                 32      0         0      
       boot.c.obj                   28      2         0      
       mult16_f5hw.asm.obj          24      0         0      
       copy_decompress_none.c.obj   22      0         0      
       div16u.asm.obj               22      0         0      
       strcpy.c.obj                 18      0         0      
       strlen.c.obj                 18      0         0      
       lsl16.asm.obj                10      0         0      
       isr_trap.asm.obj             8       0         0      
       exit.c.obj                   6       0         0      
       pre_init.c.obj               4       0         0      
       errno.c.obj                  0       0         2      
       int41.asm.obj                0       2         0      
       int43.asm.obj                0       2         0      
       int45.asm.obj                0       2         0      
       int48.asm.obj                0       2         0      
       int50.asm.obj                0       2         0      
       int51.asm.obj                0       2         0      
       int53.asm.obj                0       2         0      
       int55.asm.obj                0       2         0      
       int56.asm.obj                0       2         0      
       int58.asm.obj                0       2         0      
       int59.asm.obj                0       2         0      
       int61.asm.obj                0       2         0      
       int62.asm.obj                0       2         0      
       startup.c.obj                2       0         0      
    +--+----------------------------+-------+---------+---------+
       Total:                       7570    48        2      
                                                             
       Stack:                       0       0         160    
       Linker Generated:            0       40        0      
    +--+----------------------------+-------+---------+---------+
       Grand Total:                 34430   752       3099   


LINKER GENERATED COPY TABLES

__TI_cinit_table @ 0000636c records: 2, size/record: 8, table size: 16
	.bss: load addr=00006360, load size=00000006 bytes, run addr=00001c00, run size=000009df bytes, compression=zero_init
	.data: load addr=00006366, load size=00000006 bytes, run addr=0000277a, run size=00000002 bytes, compression=lzss


LINKER GENERATED HANDLER TABLE

__TI_handler_table @ 00006354 records: 3, size/record: 4, table size: 12
	index: 0, handler: __TI_zero_init
	index: 1, handler: __TI_decompress_lzss
	index: 2, handler: __TI_decompress_none


GLOBAL SYMBOLS: SORTED ALPHABETICALLY BY Name 

address   name                                          
-------   ----                                          
00000700  ADC12CTL0                                     
00000701  ADC12CTL0_H                                   
00000700  ADC12CTL0_L                                   
00000702  ADC12CTL1                                     
00000703  ADC12CTL1_H                                   
00000702  ADC12CTL1_L                                   
00000704  ADC12CTL2                                     
00000705  ADC12CTL2_H                                   
00000704  ADC12CTL2_L                                   
0000070c  ADC12IE                                       
0000070d  ADC12IE_H                                     
0000070c  ADC12IE_L                                     
0000070a  ADC12IFG                                      
0000070b  ADC12IFG_H                                    
0000070a  ADC12IFG_L                                    
0000070e  ADC12IV                                       
0000070f  ADC12IV_H                                     
0000070e  ADC12IV_L                                     
00000710  ADC12MCTL0                                    
00000711  ADC12MCTL1                                    
0000071a  ADC12MCTL10                                   
0000071b  ADC12MCTL11                                   
0000071c  ADC12MCTL12                                   
0000071d  ADC12MCTL13                                   
0000071e  ADC12MCTL14                                   
0000071f  ADC12MCTL15                                   
00000712  ADC12MCTL2                                    
00000713  ADC12MCTL3                                    
00000714  ADC12MCTL4                                    
00000715  ADC12MCTL5                                    
00000716  ADC12MCTL6                                    
00000717  ADC12MCTL7                                    
00000718  ADC12MCTL8                                    
00000719  ADC12MCTL9                                    
00000720  ADC12MEM0                                     
00000721  ADC12MEM0_H                                   
00000720  ADC12MEM0_L                                   
00000722  ADC12MEM1                                     
00000734  ADC12MEM10                                    
00000735  ADC12MEM10_H                                  
00000734  ADC12MEM10_L                                  
00000736  ADC12MEM11                                    
00000737  ADC12MEM11_H                                  
00000736  ADC12MEM11_L                                  
00000738  ADC12MEM12                                    
00000739  ADC12MEM12_H                                  
00000738  ADC12MEM12_L                                  
0000073a  ADC12MEM13                                    
0000073b  ADC12MEM13_H                                  
0000073a  ADC12MEM13_L                                  
0000073c  ADC12MEM14                                    
0000073d  ADC12MEM14_H                                  
0000073c  ADC12MEM14_L                                  
0000073e  ADC12MEM15                                    
0000073f  ADC12MEM15_H                                  
0000073e  ADC12MEM15_L                                  
00000723  ADC12MEM1_H                                   
00000722  ADC12MEM1_L                                   
00000724  ADC12MEM2                                     
00000725  ADC12MEM2_H                                   
00000724  ADC12MEM2_L                                   
00000726  ADC12MEM3                                     
00000727  ADC12MEM3_H                                   
00000726  ADC12MEM3_L                                   
00000728  ADC12MEM4                                     
00000729  ADC12MEM4_H                                   
00000728  ADC12MEM4_L                                   
0000072a  ADC12MEM5                                     
0000072b  ADC12MEM5_H                                   
0000072a  ADC12MEM5_L                                   
0000072c  ADC12MEM6                                     
0000072d  ADC12MEM6_H                                   
0000072c  ADC12MEM6_L                                   
0000072e  ADC12MEM7                                     
0000072f  ADC12MEM7_H                                   
0000072e  ADC12MEM7_L                                   
00000730  ADC12MEM8                                     
00000731  ADC12MEM8_H                                   
00000730  ADC12MEM8_L                                   
00000732  ADC12MEM9                                     
00000733  ADC12MEM9_H                                   
00000732  ADC12MEM9_L                                   
00017b8a  C$$EXIT                                       
00000150  CRCDI                                         
00000152  CRCDIRB                                       
00000153  CRCDIRB_H                                     
00000152  CRCDIRB_L                                     
00000151  CRCDI_H                                       
00000150  CRCDI_L                                       
00000154  CRCINIRES                                     
00000155  CRCINIRES_H                                   
00000154  CRCINIRES_L                                   
00000156  CRCRESR                                       
00000157  CRCRESR_H                                     
00000156  CRCRESR_L                                     
00014410  Calc_DParity                                  
00016002  Calc_HParity                                  
0001706e  Calc_VParity                                  
00000510  DMA0CTL                                       
00000516  DMA0DA                                        
00000518  DMA0DAH                                       
00000516  DMA0DAL                                       
00000512  DMA0SA                                        
00000514  DMA0SAH                                       
00000512  DMA0SAL                                       
0000051a  DMA0SZ                                        
00000520  DMA1CTL                                       
00000526  DMA1DA                                        
00000528  DMA1DAH                                       
00000526  DMA1DAL                                       
00000522  DMA1SA                                        
00000524  DMA1SAH                                       
00000522  DMA1SAL                                       
0000052a  DMA1SZ                                        
00000530  DMA2CTL                                       
00000536  DMA2DA                                        
00000538  DMA2DAH                                       
00000536  DMA2DAL                                       
00000532  DMA2SA                                        
00000534  DMA2SAH                                       
00000532  DMA2SAL                                       
0000053a  DMA2SZ                                        
00000500  DMACTL0                                       
00000502  DMACTL1                                       
00000504  DMACTL2                                       
00000506  DMACTL3                                       
00000508  DMACTL4                                       
0000050e  DMAIV                                         
00000140  FCTL1                                         
00000141  FCTL1_H                                       
00000140  FCTL1_L                                       
00000144  FCTL3                                         
00000145  FCTL3_H                                       
00000144  FCTL3_L                                       
00000146  FCTL4                                         
00000147  FCTL4_H                                       
00000146  FCTL4_L                                       
000004c4  MAC                                           
000004da  MAC32H                                        
000004db  MAC32H_H                                      
000004da  MAC32H_L                                      
000004d8  MAC32L                                        
000004d9  MAC32L_H                                      
000004d8  MAC32L_L                                      
000004c6  MACS                                          
000004de  MACS32H                                       
000004df  MACS32H_H                                     
000004de  MACS32H_L                                     
000004dc  MACS32L                                       
000004dd  MACS32L_H                                     
000004dc  MACS32L_L                                     
000004c7  MACS_H                                        
000004c6  MACS_L                                        
000004c5  MAC_H                                         
000004c4  MAC_L                                         
000004c0  MPY                                           
000004ec  MPY32CTL0                                     
000004ed  MPY32CTL0_H                                   
000004ec  MPY32CTL0_L                                   
000004d2  MPY32H                                        
000004d3  MPY32H_H                                      
000004d2  MPY32H_L                                      
000004d0  MPY32L                                        
000004d1  MPY32L_H                                      
000004d0  MPY32L_L                                      
000004c2  MPYS                                          
000004d6  MPYS32H                                       
000004d7  MPYS32H_H                                     
000004d6  MPYS32H_L                                     
000004d4  MPYS32L                                       
000004d5  MPYS32L_H                                     
000004d4  MPYS32L_L                                     
000004c3  MPYS_H                                        
000004c2  MPYS_L                                        
000004c1  MPY_H                                         
000004c0  MPY_L                                         
000025c6  MarieStatus_                                  
000004c8  OP2                                           
000004e2  OP2H                                          
000004e3  OP2H_H                                        
000004e2  OP2H_L                                        
000004e0  OP2L                                          
000004e1  OP2L_H                                        
000004e0  OP2L_L                                        
000004c9  OP2_H                                         
000004c8  OP2_L                                         
0000020e  P1IV                                          
0000021e  P2IV                                          
00000204  PADIR                                         
00000205  PADIR_H                                       
00000204  PADIR_L                                       
00000208  PADS                                          
00000209  PADS_H                                        
00000208  PADS_L                                        
0000021a  PAIE                                          
00000218  PAIES                                         
00000219  PAIES_H                                       
00000218  PAIES_L                                       
0000021b  PAIE_H                                        
0000021a  PAIE_L                                        
0000021c  PAIFG                                         
0000021d  PAIFG_H                                       
0000021c  PAIFG_L                                       
00000200  PAIN                                          
00000201  PAIN_H                                        
00000200  PAIN_L                                        
00000202  PAOUT                                         
00000203  PAOUT_H                                       
00000202  PAOUT_L                                       
00000206  PAREN                                         
00000207  PAREN_H                                       
00000206  PAREN_L                                       
0000020a  PASEL                                         
0000020b  PASEL_H                                       
0000020a  PASEL_L                                       
00000224  PBDIR                                         
00000225  PBDIR_H                                       
00000224  PBDIR_L                                       
00000228  PBDS                                          
00000229  PBDS_H                                        
00000228  PBDS_L                                        
00000220  PBIN                                          
00000221  PBIN_H                                        
00000220  PBIN_L                                        
00000222  PBOUT                                         
00000223  PBOUT_H                                       
00000222  PBOUT_L                                       
00000226  PBREN                                         
00000227  PBREN_H                                       
00000226  PBREN_L                                       
0000022a  PBSEL                                         
0000022b  PBSEL_H                                       
0000022a  PBSEL_L                                       
00000244  PCDIR                                         
00000245  PCDIR_H                                       
00000244  PCDIR_L                                       
00000248  PCDS                                          
00000249  PCDS_H                                        
00000248  PCDS_L                                        
00000240  PCIN                                          
00000241  PCIN_H                                        
00000240  PCIN_L                                        
00000242  PCOUT                                         
00000243  PCOUT_H                                       
00000242  PCOUT_L                                       
00000246  PCREN                                         
00000247  PCREN_H                                       
00000246  PCREN_L                                       
0000024a  PCSEL                                         
0000024b  PCSEL_H                                       
0000024a  PCSEL_L                                       
00000264  PDDIR                                         
00000265  PDDIR_H                                       
00000264  PDDIR_L                                       
00000268  PDDS                                          
00000269  PDDS_H                                        
00000268  PDDS_L                                        
00000260  PDIN                                          
00000261  PDIN_H                                        
00000260  PDIN_L                                        
00000262  PDOUT                                         
00000263  PDOUT_H                                       
00000262  PDOUT_L                                       
00000266  PDREN                                         
00000267  PDREN_H                                       
00000266  PDREN_L                                       
0000026a  PDSEL                                         
0000026b  PDSEL_H                                       
0000026a  PDSEL_L                                       
00000284  PEDIR                                         
00000285  PEDIR_H                                       
00000284  PEDIR_L                                       
00000288  PEDS                                          
00000289  PEDS_H                                        
00000288  PEDS_L                                        
00000280  PEIN                                          
00000281  PEIN_H                                        
00000280  PEIN_L                                        
00000282  PEOUT                                         
00000283  PEOUT_H                                       
00000282  PEOUT_L                                       
00000286  PEREN                                         
00000287  PEREN_H                                       
00000286  PEREN_L                                       
0000028a  PESEL                                         
0000028b  PESEL_H                                       
0000028a  PESEL_L                                       
000002a4  PFDIR                                         
000002a5  PFDIR_H                                       
000002a4  PFDIR_L                                       
000002a8  PFDS                                          
000002a9  PFDS_H                                        
000002a8  PFDS_L                                        
000002a0  PFIN                                          
000002a1  PFIN_H                                        
000002a0  PFIN_L                                        
000002a2  PFOUT                                         
000002a3  PFOUT_H                                       
000002a2  PFOUT_L                                       
000002a6  PFREN                                         
000002a7  PFREN_H                                       
000002a6  PFREN_L                                       
000002aa  PFSEL                                         
000002ab  PFSEL_H                                       
000002aa  PFSEL_L                                       
00000324  PJDIR                                         
00000325  PJDIR_H                                       
00000324  PJDIR_L                                       
00000328  PJDS                                          
00000329  PJDS_H                                        
00000328  PJDS_L                                        
00000320  PJIN                                          
00000321  PJIN_H                                        
00000320  PJIN_L                                        
00000322  PJOUT                                         
00000323  PJOUT_H                                       
00000322  PJOUT_L                                       
00000326  PJREN                                         
00000327  PJREN_H                                       
00000326  PJREN_L                                       
00000130  PM5CTL0                                       
00000131  PM5CTL0_H                                     
00000130  PM5CTL0_L                                     
00000120  PMMCTL0                                       
00000121  PMMCTL0_H                                     
00000120  PMMCTL0_L                                     
00000122  PMMCTL1                                       
00000123  PMMCTL1_H                                     
00000122  PMMCTL1_L                                     
0000012c  PMMIFG                                        
0000012d  PMMIFG_H                                      
0000012c  PMMIFG_L                                      
0000012e  PMMRIE                                        
0000012f  PMMRIE_H                                      
0000012e  PMMRIE_L                                      
00006134  Port_1                                        
00005c00  Port_2                                        
00000158  RCCTL0                                        
00000159  RCCTL0_H                                      
00000158  RCCTL0_L                                      
000001b0  REFCTL0                                       
000001b1  REFCTL0_H                                     
000001b0  REFCTL0_L                                     
000004e4  RES0                                          
000004e5  RES0_H                                        
000004e4  RES0_L                                        
000004e6  RES1                                          
000004e7  RES1_H                                        
000004e6  RES1_L                                        
000004e8  RES2                                          
000004e9  RES2_H                                        
000004e8  RES2_L                                        
000004ea  RES3                                          
000004eb  RES3_H                                        
000004ea  RES3_L                                        
000004cc  RESHI                                         
000004cd  RESHI_H                                       
000004cc  RESHI_L                                       
000004ca  RESLO                                         
000004cb  RESLO_H                                       
000004ca  RESLO_L                                       
000004ba  RTCADOWDAY                                    
000004bb  RTCADOWDAY_H                                  
000004ba  RTCADOWDAY_L                                  
000004b8  RTCAMINHR                                     
000004b9  RTCAMINHR_H                                   
000004b8  RTCAMINHR_L                                   
000004a0  RTCCTL01                                      
000004a1  RTCCTL01_H                                    
000004a0  RTCCTL01_L                                    
000004a2  RTCCTL23                                      
000004a3  RTCCTL23_H                                    
000004a2  RTCCTL23_L                                    
000004b4  RTCDATE                                       
000004b5  RTCDATE_H                                     
000004b4  RTCDATE_L                                     
000004ae  RTCIV                                         
000004ac  RTCPS                                         
000004a8  RTCPS0CTL                                     
000004a9  RTCPS0CTL_H                                   
000004a8  RTCPS0CTL_L                                   
000004aa  RTCPS1CTL                                     
000004ab  RTCPS1CTL_H                                   
000004aa  RTCPS1CTL_L                                   
000004ad  RTCPS_H                                       
000004ac  RTCPS_L                                       
000004b0  RTCTIM0                                       
000004b1  RTCTIM0_H                                     
000004b0  RTCTIM0_L                                     
000004b2  RTCTIM1                                       
000004b3  RTCTIM1_H                                     
000004b2  RTCTIM1_L                                     
000004b6  RTCYEAR                                       
000004b7  RTCYEAR_H                                     
000004b6  RTCYEAR_L                                     
00000100  SFRIE1                                        
00000101  SFRIE1_H                                      
00000100  SFRIE1_L                                      
00000102  SFRIFG1                                       
00000103  SFRIFG1_H                                     
00000102  SFRIFG1_L                                     
00000104  SFRRPCR                                       
00000105  SFRRPCR_H                                     
00000104  SFRRPCR_L                                     
000004ce  SUMEXT                                        
000004cf  SUMEXT_H                                      
000004ce  SUMEXT_L                                      
00000124  SVSMHCTL                                      
00000125  SVSMHCTL_H                                    
00000124  SVSMHCTL_L                                    
00000128  SVSMIO                                        
00000129  SVSMIO_H                                      
00000128  SVSMIO_L                                      
00000126  SVSMLCTL                                      
00000127  SVSMLCTL_H                                    
00000126  SVSMLCTL_L                                    
00000198  SYSBERRIV                                     
00000199  SYSBERRIV_H                                   
00000198  SYSBERRIV_L                                   
00000182  SYSBSLC                                       
00000183  SYSBSLC_H                                     
00000182  SYSBSLC_L                                     
00000180  SYSCTL                                        
00000181  SYSCTL_H                                      
00000180  SYSCTL_L                                      
00000186  SYSJMBC                                       
00000187  SYSJMBC_H                                     
00000186  SYSJMBC_L                                     
00000188  SYSJMBI0                                      
00000189  SYSJMBI0_H                                    
00000188  SYSJMBI0_L                                    
0000018a  SYSJMBI1                                      
0000018b  SYSJMBI1_H                                    
0000018a  SYSJMBI1_L                                    
0000018c  SYSJMBO0                                      
0000018d  SYSJMBO0_H                                    
0000018c  SYSJMBO0_L                                    
0000018e  SYSJMBO1                                      
0000018f  SYSJMBO1_H                                    
0000018e  SYSJMBO1_L                                    
0000019e  SYSRSTIV                                      
0000019f  SYSRSTIV_H                                    
0000019e  SYSRSTIV_L                                    
0000019c  SYSSNIV                                       
0000019d  SYSSNIV_H                                     
0000019c  SYSSNIV_L                                     
0000019a  SYSUNIV                                       
0000019b  SYSUNIV_H                                     
0000019a  SYSUNIV_L                                     
00000352  TA0CCR0                                       
00000354  TA0CCR1                                       
00000356  TA0CCR2                                       
00000358  TA0CCR3                                       
0000035a  TA0CCR4                                       
00000342  TA0CCTL0                                      
00000344  TA0CCTL1                                      
00000346  TA0CCTL2                                      
00000348  TA0CCTL3                                      
0000034a  TA0CCTL4                                      
00000340  TA0CTL                                        
00000360  TA0EX0                                        
0000036e  TA0IV                                         
00000350  TA0R                                          
00000392  TA1CCR0                                       
00000394  TA1CCR1                                       
00000396  TA1CCR2                                       
00000382  TA1CCTL0                                      
00000384  TA1CCTL1                                      
00000386  TA1CCTL2                                      
00000380  TA1CTL                                        
000003a0  TA1EX0                                        
000003ae  TA1IV                                         
00000390  TA1R                                          
000003d2  TB0CCR0                                       
000003d4  TB0CCR1                                       
000003d6  TB0CCR2                                       
000003d8  TB0CCR3                                       
000003da  TB0CCR4                                       
000003dc  TB0CCR5                                       
000003de  TB0CCR6                                       
000003c2  TB0CCTL0                                      
000003c4  TB0CCTL1                                      
000003c6  TB0CCTL2                                      
000003c8  TB0CCTL3                                      
000003ca  TB0CCTL4                                      
000003cc  TB0CCTL5                                      
000003ce  TB0CCTL6                                      
000003c0  TB0CTL                                        
000003e0  TB0EX0                                        
000003ee  TB0IV                                         
000003d0  TB0R                                          
00006196  TIMER0_A0_ISR                                 
000061be  TIMER0_B0_ISR                                 
000060be  TIMER1_A0_ISR                                 
000005d0  UCA0ABCTL                                     
000005c6  UCA0BRW                                       
000005c7  UCA0BRW_H                                     
000005c6  UCA0BRW_L                                     
000005c0  UCA0CTLW0                                     
000005c1  UCA0CTLW0_H                                   
000005c0  UCA0CTLW0_L                                   
000005dc  UCA0ICTL                                      
000005dd  UCA0ICTL_H                                    
000005dc  UCA0ICTL_L                                    
000005d2  UCA0IRCTL                                     
000005d3  UCA0IRCTL_H                                   
000005d2  UCA0IRCTL_L                                   
000005de  UCA0IV                                        
000005c8  UCA0MCTL                                      
000005cc  UCA0RXBUF                                     
000005ca  UCA0STAT                                      
000005ce  UCA0TXBUF                                     
00000610  UCA1ABCTL                                     
00000606  UCA1BRW                                       
00000607  UCA1BRW_H                                     
00000606  UCA1BRW_L                                     
00000600  UCA1CTLW0                                     
00000601  UCA1CTLW0_H                                   
00000600  UCA1CTLW0_L                                   
0000061c  UCA1ICTL                                      
0000061d  UCA1ICTL_H                                    
0000061c  UCA1ICTL_L                                    
00000612  UCA1IRCTL                                     
00000613  UCA1IRCTL_H                                   
00000612  UCA1IRCTL_L                                   
0000061e  UCA1IV                                        
00000608  UCA1MCTL                                      
0000060c  UCA1RXBUF                                     
0000060a  UCA1STAT                                      
0000060e  UCA1TXBUF                                     
00000650  UCA2ABCTL                                     
00000646  UCA2BRW                                       
00000647  UCA2BRW_H                                     
00000646  UCA2BRW_L                                     
00000640  UCA2CTLW0                                     
00000641  UCA2CTLW0_H                                   
00000640  UCA2CTLW0_L                                   
0000065c  UCA2ICTL                                      
0000065d  UCA2ICTL_H                                    
0000065c  UCA2ICTL_L                                    
00000652  UCA2IRCTL                                     
00000653  UCA2IRCTL_H                                   
00000652  UCA2IRCTL_L                                   
0000065e  UCA2IV                                        
00000648  UCA2MCTL                                      
0000064c  UCA2RXBUF                                     
0000064a  UCA2STAT                                      
0000064e  UCA2TXBUF                                     
00000690  UCA3ABCTL                                     
00000686  UCA3BRW                                       
00000687  UCA3BRW_H                                     
00000686  UCA3BRW_L                                     
00000680  UCA3CTLW0                                     
00000681  UCA3CTLW0_H                                   
00000680  UCA3CTLW0_L                                   
0000069c  UCA3ICTL                                      
0000069d  UCA3ICTL_H                                    
0000069c  UCA3ICTL_L                                    
00000692  UCA3IRCTL                                     
00000693  UCA3IRCTL_H                                   
00000692  UCA3IRCTL_L                                   
0000069e  UCA3IV                                        
00000688  UCA3MCTL                                      
0000068c  UCA3RXBUF                                     
0000068a  UCA3STAT                                      
0000068e  UCA3TXBUF                                     
000005e6  UCB0BRW                                       
000005e7  UCB0BRW_H                                     
000005e6  UCB0BRW_L                                     
000005e0  UCB0CTLW0                                     
000005e1  UCB0CTLW0_H                                   
000005e0  UCB0CTLW0_L                                   
000005f0  UCB0I2COA                                     
000005f1  UCB0I2COA_H                                   
000005f0  UCB0I2COA_L                                   
000005f2  UCB0I2CSA                                     
000005f3  UCB0I2CSA_H                                   
000005f2  UCB0I2CSA_L                                   
000005fc  UCB0ICTL                                      
000005fd  UCB0ICTL_H                                    
000005fc  UCB0ICTL_L                                    
000005fe  UCB0IV                                        
000005ec  UCB0RXBUF                                     
000005ea  UCB0STAT                                      
[...]
0000073a  ADC12MEM13_L                                  
0000073b  ADC12MEM13_H                                  
0000073c  ADC12MEM14                                    
0000073c  ADC12MEM14_L                                  
0000073d  ADC12MEM14_H                                  
0000073e  ADC12MEM15                                    
0000073e  ADC12MEM15_L                                  
0000073f  ADC12MEM15_H                                  
00001c00  radioLithium                                  
00001e7c  bufferMarie_                                  
00001fbc  uart00                                        
00002098  uart01                                        
00002174  uart02                                        
00002250  uart03                                        
0000232c  accelerationBuffer                            
000023b2  satelliteConfiguration_                       
00002418  satelliteStatus_                              
0000247c  ramBackup_                                    
000024cd  abacusLPMStatus                               
000024ce  parity_                                       
0000251e  satellite_memory                              
00002562  abacus_gpio_expander                          
00002580  sleepTimer_                                   
00002592  i2c00                                         
000025a0  i2c01                                         
000025ae  diagnosticFlags                               
000025b8  abacus_gpio                                   
000025c0  memoryFlashMCU                                
000025c6  MarieStatus_                                  
000025ca  timeSinceBoot_                                
000025ce  triggerFPGAFunction                           
000025d2  spi00                                         
000025d5  spi01                                         
000025d8  bufferMariePosition_                          
000025da  addressGyroscope_                             
000025db  bufferDebugPosition_                          
000025dc  debugNewPacketArrived_                        
000025dd  fpgaInterruptEnabled                          
000025de  marieNewPacketArrived_                        
000025e0  bufferDebug_                                  
000026da  persistent_RAM                                
0000277a  errno                                         
00005860  _stack                                        
00005900  __STACK_END                                   
00005900  bootloaderFlash                               
00005a6c  bootloaderUChar2ULong                         
00005c00  Port_2                                        
00005e46  USCI_A0_ISR                                   
00005ee4  USCI_A1_ISR                                   
00005f82  USCI_A2_ISR                                   
00006020  USCI_A3_ISR                                   
000060be  TIMER1_A0_ISR                                 
00006134  Port_1                                        
00006196  TIMER0_A0_ISR                                 
000061be  TIMER0_B0_ISR                                 
000061e6  _c_int00_noargs                               
00006202  __TI_ISR_TRAP                                 
0000620a  bootloaderStart                               
00006288  bootloaderTriggerRam                          
00006302  main                                          
00006354  __TI_Handler_Table_Base                       
00006360  __TI_Handler_Table_Limit                      
0000636c  __TI_CINIT_Base                               
0000637c  __TI_CINIT_Limit                              
0000ffd2  __TI_int41                                    
0000ffd4  __TI_int42                                    
0000ffd6  __TI_int43                                    
0000ffd8  __TI_int44                                    
0000ffda  __TI_int45                                    
0000ffdc  __TI_int46                                    
0000ffde  __TI_int47                                    
0000ffe0  __TI_int48                                    
0000ffe2  __TI_int49                                    
0000ffe4  __TI_int50                                    
0000ffe6  __TI_int51                                    
0000ffe8  __TI_int52                                    
0000ffea  __TI_int53                                    
0000ffec  __TI_int54                                    
0000ffee  __TI_int55                                    
0000fff0  __TI_int56                                    
0000fff2  __TI_int57                                    
0000fff4  __TI_int58                                    
0000fff6  __TI_int59                                    
0000fff8  __TI_int60                                    
0000fffa  __TI_int61                                    
0000fffc  __TI_int62                                    
0000fffe  _reset_vector                                 
00010000  __mspabi_addd                                 
0001072a  abacus_gpio_GPIOExpLoad                       
00010b82  scrubbing_bytes                               
00010fd8  satsystem_loadConfiguration                   
000113f6  satsystem_saveConfiguration                   
00011808  abacus_gpio_digitalMode                       
00011c08  sqrt                                          
00011c08  sqrtl                                         
00011ee6  abacus_gpio_digitalWrite                      
000121ba  __mspabi_mpyd                                 
00012452  satsystem_init                                
0001268e  abacus_uart_open                              
000128ac  abacus_i2c_requestFrom                        
00012a7c  memory_mapFindAddresses                       
00012c46  floor                                         
00012c46  floorl                                        
00012e0a  abacus_convertFromUnixTime                    
00012fb6  report_status                                 
000132d8  sensorDiag                                    
00013454  abacus_flash_write_dataEasy                   
000135bc  __TI_frcmpyd                                  
00013720  radio_interrupt_trigger                       
00013884  abacus_i2c_write                              
000139e0  __mspabi_subf                                 
000139e6  __mspabi_addf                                 
00013b12  memory_mcu_checkAreaIntegrity                 
00013c36  init_mission_timer                            
00013d52  abacus_gpio_init                              
00013e56  abacus_sensors_gyro_init                      
00013f5a  satsystem_loadDefaultConfiguration            
00014058  abacus_flash_mcu_write_data                   
0001414c  getAbsAcceleration                            
0001423a  radio_init                                    
00014326  memory_mcu_checkProgramIntegrity              
00014410  Calc_DParity                                  
000144f4  __TI_printfi_minimal                          
000145d8  scrub_recovery                                
00014796  abacus_flash_write_data                       
00014870  __mspabi_cmpd                                 
00014948  uart_RX_next_byte                             
00014a1a  memory_sensors_init                           
00014aea  abacus_flash_mcu_erase                        
00014bb6  memory_event_init                             
00014c82  memory_marie_init                             
00014d4e  radio_sendCommand                             
00014e18  getMeanAcceleration                           
00014ede  i2c_begin_transmission                        
00014f9e  uart_write                                    
0001505c  __mspabi_mpyf                                 
00015114  scrubbing_parity_generation                   
000151ca  maskIoExpanderPort                            
00015278  checkGyroscopeId                              
0001531a  debugExternalInterrupt                        
000153b4  abacus_spi_write_read                         
0001544c  checkMagnetometerId                           
000154e4  abacus_flash_sector_erase                     
00015570  abacus_millis                                 
000155fa  checkAccelerometerId                          
00015684  memory_init                                   
0001570e  abacus_sensors_acc_read                       
00015796  abacus_uart_print_uint8_hex                   
0001581e  checkRtcId                                    
000158a4  checkTempCpuId                                
0001592a  checkTempFpgaId                               
000159b0  scrubbingRoutine                              
00015a36  i2c_write_firstbyte                           
00015aba  uart_safe_tx_byte                             
00015b3e  abacus_uart_init                              
00015bc0  memory_writeConf                              
00015c40  abacus_sensors_magnetometer_setRate           
00015cbe  __mspabi_fixfli                               
00015d3c  abacus_sensors_magnetometer_setSampleAveraging
00015db8  abacus_sensors_magnetometer_setMeasurementMode
00015e32  __TI_decompress_lzss                          
00015ea8  backupInPersistentRam                         
00015f1c  restoreFromPersistentRam                      
00015f90  abacus_spi_init                               
00016002  Calc_HParity                                  
00016072  abacus_RTC_internal_setUnixTime               
000160e0  abacus_gpio_GPIOExpDigitalMode                
0001614e  abacus_gpio_GPIOExpDigitalWrite               
000161ba  addAcceleration                               
00016226  abacus_i2c_init                               
00016290  abacus_uart_print_ulong                       
000162fa  abacus_uart_write                             
00016364  thermometerDS1775_powerOn                     
000163ce  __mspabi_fixdli                               
00016434  abacus_flash_mcu_checkValidAddress            
0001649a  __mspabi_cvtfd                                
000164fe  abacus_init_clock                             
00016562  abacus_sensors_gyro_power_off                 
000165c2  abacus_sensors_gyro_power_on                  
00016622  __TI_auto_init_nobinit_nopinit                
00016680  majorityDecisionByte                          
000166de  marieDataRx                                   
0001673c  radio_calculateChecksums                      
0001679a  thermometerDS1775_powerOff                    
000167f8  __mspabi_mpyll_f5hw                           
00016854  abacus_enter_LPM                              
000168b0  portBitMap                                    
0001690a  bufferSize                                    
00016962  __mspabi_divul                                
00016962  __mspabi_remul                                
000169ba  memory_mcu_checkAlternativeProgramsIntegrity  
00016a10  abacus_flash_read_data                        
00016a64  abacus_flash_mcu_crc                          
00016ab6  radio_readAckNack                             
00016b06  abacus_uart_print_uint                        
00016b54  checkFlashMemoryId                            
00016ba2  abacus_init                                   
00016bee  find_position                                 
00016c3a  init_registers                                
00016c84  __mspabi_fltlif                               
00016d16  spi_chipSelect                                
00016d5e  abacus_sleep_msec                             
00016da4  abacus_flash_mcu_read_data                    
00016de8  abacus_uart_available                         
00016e2c  count_errors                                  
00016e70  sprintf                                       
00016eb4  isSatelliteInSpace                            
00016ef6  __mspabi_srall                                
00016f36  __mspabi_divli                                
00016f36  __mspabi_remli                                
00016f76  abacus_uart_open_function                     
00016fb4  __mspabi_sral_15                              
00016fb8  __mspabi_sral_14                              
00016fbc  __mspabi_sral_13                              
00016fc0  __mspabi_sral_12                              
00016fc4  __mspabi_sral_11                              
00016fc8  __mspabi_sral_10                              
00016fcc  __mspabi_sral_9                               
00016fd0  __mspabi_sral_8                               
00016fd4  __mspabi_sral_7                               
00016fd8  __mspabi_sral_6                               
00016fdc  __mspabi_sral_5                               
00016fe0  __mspabi_sral_4                               
00016fe4  __mspabi_sral_3                               
00016fe8  __mspabi_sral_2                               
00016fec  __mspabi_sral_1                               
00016ff2  __mspabi_slll_15                              
00016ff6  __mspabi_slll_14                              
00016ffa  __mspabi_slll_13                              
00016ffe  __mspabi_slll_12                              
00017002  __mspabi_slll_11                              
00017006  __mspabi_slll_10                              
0001700a  __mspabi_slll_9                               
0001700e  __mspabi_slll_8                               
00017012  __mspabi_slll_7                               
00017016  __mspabi_slll_6                               
0001701a  __mspabi_slll_5                               
0001701e  __mspabi_slll_4                               
00017022  __mspabi_slll_3                               
00017026  __mspabi_slll_2                               
0001702a  __mspabi_slll_1                               
00017030  __mspabi_srll_15                              
00017034  __mspabi_srll_14                              
00017038  __mspabi_srll_13                              
0001703c  __mspabi_srll_12                              
00017040  __mspabi_srll_11                              
00017044  __mspabi_srll_10                              
00017048  __mspabi_srll_9                               
0001704c  __mspabi_srll_8                               
00017050  __mspabi_srll_7                               
00017054  __mspabi_srll_6                               
00017058  __mspabi_srll_5                               
0001705c  __mspabi_srll_4                               
00017060  __mspabi_srll_3                               
00017064  __mspabi_srll_2                               
00017068  __mspabi_srll_1                               
0001706e  Calc_VParity                                  
000170aa  abacus_i2c_readRegister                       
000170e6  abacus_uart_read                              
00017122  memcpy                                        
0001715e  toggle_bit                                    
0001719a  uart_read_byte                                
000171d6  __mspabi_sllll                                
00017210  __mspabi_srlll                                
0001724a  char2ulong                                    
00017284  abacus_flash_wait_while_busy                  
000172bc  abacus_flash_write_read_instruction           
000172f4  initialize                                    
0001732c  abacus_flashMCU_init                          
00017362  abacus_flash_mcu_isBankAAddress               
00017398  memory_readConf                               
000173ce  __mspabi_fltif                                
00017404  ulong2char                                    
0001743a  abacus_millis_init                            
0001746e  abacus_sensors_magnetometer_setGain           
000174a2  flash_prepareCommandAddress                   
000174d6  loadPartialPermanentSettings                  
0001750a  memccpy                                       
0001753e  char2int                                      
0001756e  char2uint                                     
0001759e  __mspabi_mpyull_f5hw                          
000175ca  abacus_flash_isWorkInProgress                 
000175f6  abacus_flash_write_instruction                
00017622  abacus_spi_write_instruction                  
0001764e  __mspabi_divi                                 
0001764e  __mspabi_remi                                 
0001767a  uint2char                                     
000176a6  abacus_uart_disableInterrupt                  
000176d0  abacus_uart_enableInterrupt                   
00017722  abacus_sensors_acc_power_off                  
0001774a  abacus_sensors_acc_init                       
0001774a  abacus_sensors_acc_power_on                   
00017772  abacus_sensors_magnetometer_power_off         
0001779a  radio_lockUntilAvailable                      
000177c2  radio_sendRawCommand                          
000177ea  abacus_sensors_magnetometer_power_on          
00017810  abacus_fpga_i2cReserve                        
00017834  __TI_zero_init                                
00017858  __mspabi_mpyl_f5hw                            
0001787c  abacus_sensors_magnetometer_init              
0001789e  calculate_crc16_8bit                          
000178c0  radio_setBeaconConfiguration                  
000178e2  savePartialPermanentSettings                  
00017904  memset                                        
00017924  configuration_saveLastTimeOn                  
00017942  radio_setBeaconData                           
00017960  setAbsAcceleration                            
0001797c  abacus_fpga_i2cGetStatus                      
00017994  checkAccelerationAtStartTime                  
000179ac  __mspabi_mpyi_f5hw                            
000179c4  abacus_uart_print                             
000179da  __TI_decompress_none                          
000179f0  init_Marie                                    
00017a06  memoryDiag                                    
00017a1c  radio_setPowerAmp                             
00017a32  __mspabi_divu                                 
00017a32  __mspabi_remu                                 
00017a5c  abacus_flashFPGA_init                         
00017a70  configuration_saveNewReset                    
00017a84  flash_MCU_writeProtection                     
00017a98  uart_count_caracters                          
00017aac  strcpy                                        
00017abe  strlen                                        
00017ad0  __mspabi_sral                                 
00017ae0  __mspabi_slll                                 
00017af0  __mspabi_srll                                 
00017b00  abacus_fpga_isOn                              
00017b0e  abacus_RTC_internal_init                      
00017b1a  abacus_fpga_resetProgram                      
00017b26  abacus_sensors_temperature_init               
00017b32  selfDiagInit                                  
00017b3e  abacus_fpga_switchOn                          
00017b48  abacus_sensors_temperatureCPU_power_off       
00017b52  abacus_sensors_temperatureCPU_power_on        
00017b5c  abacus_sensors_temperatureFPGA_power_off      
00017b66  abacus_sensors_temperatureFPGA_power_on       
00017b70  __mspabi_slli                                 
00017b7a  abacus_fpga_i2cRelease                        
00017b82  radio_available                               
00017b8a  C$$EXIT                                       
00017b8a  abort                                         
00017b90  bootFlightStatus                              
00017b96  _system_pre_init                              
00017b9a  abacus_RTC_init                               
00017b9e  _system_post_cinit                            
00017ba0  initMarieStatus                               
ffffffff  __TI_pprof_out_hndl                           
ffffffff  __TI_prof_data_size                           
ffffffff  __TI_prof_data_start                          
ffffffff  __c_args__                                    

[1005 symbols]
